 Hello from thread =                    0
 Hello from thread =                    3
 Hello from thread =                    1
 Hello from thread =                    2
OpenMP TEST
Number of Threads = 4
*******************************
 Pi =    3.1415926535897931     
 Read PolarizationSource TM:                     0
 Read phiMie0:    270.00000000000000      deg -> rad
 Importing data on Polarization.
 Loading GMSH mesh...
 MESH INFORMATIONS
 [GMSH] Quadrangles number
               120000
 [GMSH] Node number
               120704
 Latest running index while remeshing                  124
 [Mesh] Building...

 [Mesh] Convergence is reached. The show can go on.
 [Mesh) ITERATIONS=                  140
 Vessel cells:                   11 *                   11 =                  121
 Matter cells:                   11 *                   11 =                  121
  -73.799999999999997       -74.200000000000003     
 Done.
 [Mesh] Calculation of normales and distances.
 NEEDLE CHECK
 North  -3.6087244892187197E-002  0.99934864324523465     
 South  -4.3202840820276103E-002 -0.99906632139465978     
 East  0.99714770454721069        7.5474865460157303E-002
 West -0.98483010567310536      -0.17352136168178295     
   4.8734961269229628E-007   4.8553060790449430E-007   4.2050196650571456E-008   3.8019092659093436E-008
 VESSEL CHECK
 North  -3.6087244892187190E-002  0.99934864324523487     
 South  -4.3202840820276110E-002 -0.99906632139465956     
 East  0.99714770454737967        7.5474865460165561E-002
 West -0.98483010567324725      -0.17352136168179305     
   4.8734961269229628E-007   4.8553060790449430E-007   4.2050196650572383E-008   3.8019092659094376E-008
 epsilon(   515.00000000000000      nm)= (  17.825399999999998     , 0.50668999999999997     )
 Re(sqrt(epsilon))=   4.2224400481392985     
 [Poisson eq.] Filling matrix
 Starting time loop.
 Time=  -1.9000000000003337E-013 Intensity=   6.7317523082182542E-013
   80.000427720236644      < Te <    80.000428004491340     
   80.000427720236644      < Th <    80.000428004491340     
   80.000000000000000      < Ts <   80.000000000000000     
   100000.00906904222      < Ne <   100000.00907506986     
   100000.00906904222      < Nh <   100000.00907506986     
 CFL_Te=   3.8059764509182093E-008 maxCFL_Ne=   4.0576655601123969E-008 maxCFL_Ts=   6.4355657772897190E-007 CPU=   11543.193611126904      NumThreads=                    4 Elapsed time=   3.4652455245524552E-004
 CFL_Limit=   1.0000000000000000E-003
 dt_init=   1.0000000000000001E-018 dt=   1.0000000000000001E-018
 Time=  -1.8000000000006673E-013 Intensity=   4.0989313713879761E-010
   80.274852899416899      < Te <    80.275025900172608     
   80.274852899416899      < Th <    80.275025900172608     
   80.000000000000000      < Ts <   80.000000000000000     
   100005.83030682540      < Ne <   100005.83397700811     
   100005.83030682540      < Nh <   100005.83397700811     
 CFL_Te=   3.8190320782356796E-008 maxCFL_Ne=   4.0715845557578098E-008 maxCFL_Ts=   6.4355657772897190E-007 CPU=   11552.249393187762      NumThreads=                    4 Elapsed time=   3.4625291264563226E-004
 CFL_Limit=   1.0000000000000000E-003
 dt_init=   1.0000000000000001E-018 dt=   1.0000000000000001E-018
 Time=  -1.7000000000010010E-013 Intensity=   1.7648108606485697E-007
   201.89944841578372      < Te <    201.97011406842361     
   201.89944841578372      < Th <    201.97011406842361     
   80.000000000000000      < Ts <   80.000000000000000     
   102655.23452886436      < Ne <   102656.81475092871     
   102655.23452886436      < Nh <   102656.81475092871     
 CFL_Te=   9.6052554725379114E-008 maxCFL_Ne=   1.0240450793220766E-007 maxCFL_Ts=   6.4355657772897190E-007 CPU=   11545.938152698005      NumThreads=                    4 Elapsed time=   3.4644218140604690E-004
 CFL_Limit=   1.0000000000000000E-003
 dt_init=   1.0000000000000001E-018 dt=   1.0000000000000001E-018
 Time=  -1.6000000000013346E-013 Intensity=   5.3729239106903670E-005
   4301.0895481209691      < Te <    4301.3370510938212     
   4301.0895481209654      < Th <    4301.3370510938212     
   80.000000000000000      < Ts <   80.000000000000000     
   957867.96683479066      < Ne <   958349.24251991767     
   957867.96683479066      < Nh <   958349.24251991767     
 CFL_Te=   2.0462200231908110E-006 maxCFL_Ne=   2.1815362233608369E-006 maxCFL_Ts=   6.4355657772897190E-007 CPU=   11530.039133210521      NumThreads=                    4 Elapsed time=   3.4691989799744995E-004
 CFL_Limit=   1.0000000000000000E-003
 dt_init=   1.0000000000000001E-018 dt=   1.0000000000000001E-018
 Time=  -1.5000000000016683E-013 Intensity=   1.1566666520934519E-002
   4788.6470933927112      < Te <    4788.6494971347765     
   4788.6470933927112      < Th <    4788.6494971347765     
   80.000000000000000      < Ts <   80.000000000000000     
   196805808.43441623      < Ne <   196909433.38439134     
   196805808.43441623      < Nh <   196909433.38439134     
 CFL_Te=   2.2781732356976376E-006 maxCFL_Ne=   2.4288281128832608E-006 maxCFL_Ts=   6.4355657772897190E-007 CPU=   11508.434326180066      NumThreads=                    4 Elapsed time=   3.4757117142342848E-004
 CFL_Limit=   1.0000000000000000E-003
 dt_init=   1.0000000000000001E-018 dt=   1.0000000000000001E-018
 Time=  -1.4000000000020019E-013 Intensity=   1.7607217970199551     
   4788.3851581520903      < Te <    4788.3868346288191     
   4788.3851581520912      < Th <    4788.3868346288191     
   80.000000000000000      < Ts <   80.000000000000000     
   32025737219.340668      < Ne <   32041512042.361404     
   32025737219.340668      < Nh <   32041512042.361404     
 CFL_Te=   2.2780487562859379E-006 maxCFL_Ne=   2.4286953967746048E-006 maxCFL_Ts=   6.4355657772897190E-007 CPU=   11493.751389749406      NumThreads=                    4 Elapsed time=   3.4801518358639307E-004
 CFL_Limit=   1.0000000000000000E-003
 dt_init=   1.0000000000000001E-018 dt=   1.0000000000000001E-018
 Time=  -1.3000000000023355E-013 Intensity=   189.52140549630647     
   4785.4115883369086      < Te <    4785.4133078387094     
   4785.4115883369068      < Th <    4785.4133078387122     
   80.000000000000000      < Ts <   80.000000000000000     
   3704321366762.7563      < Ne <   3706019419608.0293     
   3704321366762.7563      < Nh <   3706019419608.0298     
 CFL_Te=   2.2766341172382343E-006 maxCFL_Ne=   2.4271872087140628E-006 maxCFL_Ts=   6.4355657772897190E-007 CPU=   11472.996442009075      NumThreads=                    4 Elapsed time=   3.4864475206788665E-004
 CFL_Limit=   1.0000000000000000E-003
 dt_init=   1.0000000000000001E-018 dt=   1.0000000000000001E-018
 Time=  -1.2000000000026692E-013 Intensity=   14424.833136721963     
   4782.0015170200377      < Te <    4782.0032805646333     
   4782.0015170200277      < Th <    4782.0032805646370     
   80.000000000000000      < Ts <   80.000000000000000     
   304613102738775.69      < Ne <   304742351354310.38     
   304613102738775.69      < Nh <   304742351354310.44     
 CFL_Te=   2.2750118154818521E-006 maxCFL_Ne=   2.4254576254233833E-006 maxCFL_Ts=   6.4355657772897190E-007 CPU=   11455.680817831277      NumThreads=                    4 Elapsed time=   3.4917173964674555E-004
 CFL_Limit=   1.0000000000000000E-003
 dt_init=   1.0000000000000001E-018 dt=   1.0000000000000001E-018
 Time=  -1.1000000000030028E-013 Intensity=   776333.50412123953     
   4778.0706886328207      < Te <    4778.0725070314111     
   4778.0706886328235      < Th <    4778.0725070314111     
   80.000000000000114      < Ts <   80.000000000000114     
   17823155360684774.      < Ne <   17830111837608084.     
   17823155360684774.      < Nh <   17830111837608084.     
 CFL_Te=   2.2731417715512854E-006 maxCFL_Ne=   2.4234639169597575E-006 maxCFL_Ts=   6.4355657772897201E-007 CPU=   11442.770429759952      NumThreads=                    4 Elapsed time=   3.4956569517439079E-004
 CFL_Limit=   1.0000000000000000E-003
 dt_init=   1.0000000000000001E-018 dt=   1.0000000000000001E-018
 Time=  -1.0000000000033365E-013 Intensity=   29544106.652997654     
   4773.4887900320700      < Te <    4773.4906778214536     
   4773.4887900320664      < Th <    4773.4906778214536     
   80.000000002554458      < Ts <   80.000000002555424     
   7.4280272392021158E+017 < Ne <   7.4306747794196595E+017
   7.4280272392021158E+017 < Nh <   7.4306747794196608E+017
 CFL_Te=   2.2709619914563583E-006 maxCFL_Ne=   2.4211399897138075E-006 maxCFL_Ts=   6.4355657773807041E-007 CPU=   11431.268581712895      NumThreads=                    4 Elapsed time=   3.4991741917419177E-004
 CFL_Limit=   1.0000000000000000E-003
 dt_init=   1.0000000000000001E-018 dt=   1.0000000000000001E-018
 Time=  -9.0000000000367011E-014 Intensity=   795020627.86572671     
   4768.0803256904346      < Te <    4768.0823026373509     
   4768.0803256904501      < Th <    4768.0823026373509     
   80.000000085418833      < Ts <   80.000000085447198     
   2.2079655565432979E+019 < Ne <   2.2086780599802814E+019
   2.2079655565432979E+019 < Nh <   2.2086780599802814E+019
 CFL_Te=   2.2683889866514317E-006 maxCFL_Ne=   2.4183968340999090E-006 maxCFL_Ts=   6.4355657803322805E-007 CPU=   11422.336852760378      NumThreads=                    4 Elapsed time=   3.5019103810034641E-004
 CFL_Limit=   1.0000000000000000E-003
 dt_init=   1.0000000000000001E-018 dt=   1.0000000000000001E-018
 Time=  -8.0000000000400375E-014 Intensity=   15127631309.328072     
   4761.6062276573484      < Te <    4761.6083207205629     
   4761.6062276573439      < Th <    4761.6083207205620     
   80.000002008848810      < Ts <   80.000002009450526     
   4.6890190923185180E+020 < Ne <   4.6903749826520783E+020
   4.6890190923185180E+020 < Nh <   4.6903749826520783E+020
 CFL_Te=   2.2653090252927805E-006 maxCFL_Ne=   2.4151131972637503E-006 maxCFL_Ts=   6.4355658488436288E-007 CPU=   11414.132702145558      NumThreads=                    4 Elapsed time=   3.5044274535621128E-004
 CFL_Limit=   1.0000000000000000E-003
 dt_init=   1.0000000000000001E-018 dt=   1.0000000000000001E-018
 Time=  -7.0000000000433739E-014 Intensity=   203539373738.42972     
   4753.7540940841518      < Te <    4753.7563351106628     
   4753.7540512348360      < Th <    4753.7562928670977     
   80.000034167393537      < Ts <   80.000034176530392     
   7.1303650178564536E+021 < Ne <   7.1321895791377504E+021
   7.1303650178559986E+021 < Nh <   7.1321895792003997E+021
 CFL_Te=   2.2615734862414555E-006 maxCFL_Ne=   2.4111306300845178E-006 maxCFL_Ts=   6.4355669943092962E-007 CPU=   11407.468202205597      NumThreads=                    4 Elapsed time=   3.5064748190370698E-004
 CFL_Limit=   1.0000000000000000E-003
 dt_init=   1.0000000000000001E-018 dt=   1.0000000000000001E-018
 Time=  -6.0000000000467103E-014 Intensity=   1936469201836.5464     
   4743.9032204841178      < Te <    4743.9056086145474     
   4743.5428285816470      < Th <    4743.5452167377989     
   80.000422361389397      < Ts <   80.000422460993065     
   7.7870942568993570E+022 < Ne <   7.7888304342604043E+022
   7.7870942568992060E+022 < Nh <   7.7888304342849292E+022
 CFL_Te=   2.2568869285384491E-006 maxCFL_Ne=   2.4063279669089902E-006 maxCFL_Ts=   6.4355808213485649E-007 CPU=   11403.215615740166      NumThreads=                    4 Elapsed time=   3.5077824841606012E-004
 CFL_Limit=   1.0000000000000000E-003
 dt_init=   1.0000000000000001E-018 dt=   1.0000000000000001E-018
 Time=  -5.0000000000457276E-014 Intensity=   13027325412947.994     
   4720.9757436953432      < Te <    4720.9780112328381     
   4729.8802735398594      < Th <    4729.8825448118678     
   80.003819097176802      < Ts <   80.003819879922631     
   6.1325413183268820E+023 < Ne <   6.1337095891527131E+023
   6.1325413183181256E+023 < Nh <   6.1337095903975665E+023
 CFL_Te=   2.2396133950077640E-006 maxCFL_Ne=   2.3955687296918853E-006 maxCFL_Ts=   6.4357017959945146E-007 CPU=   11398.048770220224      NumThreads=                    4 Elapsed time=   3.5093725958173057E-004
 CFL_Limit=   1.0000000000000000E-003
 dt_init=   1.0000000000000001E-018 dt=   1.0000000000000001E-018
 Time=  -4.0000000000427531E-014 Intensity=   61968686616523.266     
   4679.1737736086016      < Te <    4679.1755546210898     
   4711.9543848814010      < Th <    4711.9561751954298     
   80.025491944935581      < Ts <   80.025496410693393     
   3.5025281783282718E+024 < Ne <   3.5030841270229664E+024
   3.5025281783076528E+024 < Nh <   3.5030841299420854E+024
 CFL_Te=   2.2021063301848661E-006 maxCFL_Ne=   2.3786852571836088E-006 maxCFL_Ts=   6.4364731112684716E-007 CPU=   11393.960429738721      NumThreads=                    4 Elapsed time=   3.5106318164488531E-004
 CFL_Limit=   1.0000000000000000E-003
 dt_init=   1.0000000000000001E-018 dt=   1.0000000000000001E-018
 Time=  -3.0000000000397786E-014 Intensity=   208415539059179.22     
   4597.4732581690087      < Te <    4597.4795235038100     
   4695.0155480780904      < Th <    4695.0219366935871     
   80.127309638140403      < Ts <   80.127328355196511     
   1.4626588039406560E+025 < Ne <   1.4628459207205897E+025
   1.4626588039169165E+025 < Nh <   1.4628459240730428E+025
 CFL_Te=   2.1128323059159345E-006 maxCFL_Ne=   2.3553263031586492E-006 maxCFL_Ts=   6.4400836894922193E-007 CPU=   11388.547816623339      NumThreads=                    4 Elapsed time=   3.5123003076488685E-004
 CFL_Limit=   1.0000000000000000E-003
 dt_init=   1.0000000000000001E-018 dt=   1.0000000000000001E-018
 Time=  -2.0000000000394617E-014 Intensity=   495528221701412.69     
   4530.2535666718786      < Te <    4530.2684478392039     
   4710.7160683443926      < Th <    4710.7315469993273     
   80.484446127776465      < Ts <   80.484504652611207     
   4.5194493126661663E+025 < Ne <   4.5198947658799829E+025
   4.5194493125375029E+025 < Nh <   4.5198947839684731E+025
 CFL_Te=   2.0073532918219490E-006 maxCFL_Ne=   2.3644329652313546E-006 maxCFL_Ts=   6.4525788252307957E-007 CPU=   11385.007989552807      NumThreads=                    4 Elapsed time=   3.5133923521797340E-004
 CFL_Limit=   1.0000000000000000E-003
 dt_init=   1.0000000000000001E-018 dt=   1.0000000000000001E-018
 Time=  -1.0000000000396426E-014 Intensity=   832786001729734.88     
   4556.6905625638137      < Te <    4556.7150026078025     
   4789.3659176290348      < Th <    4789.3915924019220     
   81.430054810410397      < Ts <   81.430192265068541     
   1.0515261806775108E+026 < Ne <   1.0516011807943026E+026
   1.0515261806480877E+026 < Nh <   1.0516011848933185E+026
 CFL_Te=   1.9410300770478750E-006 maxCFL_Ne=   2.4623329942705234E-006 maxCFL_Ts=   6.4843965401591529E-007 CPU=   11381.370667780131      NumThreads=                    4 Elapsed time=   3.5145151816588506E-004
 CFL_Limit=   1.0000000000000000E-003
 dt_init=   1.0000000000000001E-018 dt=   1.0000000000000001E-018
 Time=  -3.9788984726558512E-025 Intensity=   989358557596883.00     
   4734.3609788264484      < Te <    4734.3891188152320     
   4973.2632326078583      < Th <    4973.2927466376568     
   83.318648653015671      < Ts <   83.318890349379444     
   1.8908131424624354E+026 < Ne <   1.8909024551931697E+026
   1.8908131424499525E+026 < Nh <   1.8909024568716969E+026
 CFL_Te=   1.9722259049450244E-006 maxCFL_Ne=   2.6596826057867581E-006 maxCFL_Ts=   6.5425119621332696E-007 CPU=   11378.495557094853      NumThreads=                    4 Elapsed time=   3.5154032270161349E-004
 CFL_Limit=   1.0000000000000000E-003
 dt_init=   1.0000000000000001E-018 dt=   1.0000000000000001E-018
