 Hello from thread =                    0
OpenMP TEST
Number of Threads = 1
*******************************
 Pi =    3.1415926535897931     
 Read PolarizationSource TM:                     0
 Read phiMie0:    270.00000000000000      deg -> rad
 Importing data on Polarization.
 Loading GMSH mesh...
 MESH INFORMATIONS
 [GMSH] Quadrangles number
               120000
 [GMSH] Node number
               120704
 Latest running index while remeshing                 2604
 [Mesh] Building...

 [Mesh] Convergence (                  500 )=   1.0817200796192992E-005
 [Mesh] Convergence (                 1000 )=   1.8112629213610488E-006
 [Mesh] Convergence (                 1500 )=   2.5792603657464494E-007
 [Mesh] Convergence (                 2000 )=   3.5914706339099211E-008
 [Mesh] Convergence (                 2500 )=   4.9850516661535945E-009
 [Mesh] Convergence (                 3000 )=   6.9162929503363552E-010
 [Mesh] Convergence is reached. The show can go on.
 [Mesh) ITERATIONS=                 3490
 Vessel cells:                   51 *                   51 =                 2601
 Matter cells:                   51 *                   51 =                 2601
  -73.799999999999997       -74.200000000000003     
 Done.
 [Mesh] Calculation of normales and distances.
 NEEDLE CHECK
 North  -3.7660326630786244E-002  0.99929059827362665     
 South  -4.4254985284557589E-002 -0.99902026820153322     
 East  0.99776387854434379        6.6837434661633735E-002
 West -0.98355051411920225      -0.18063329199196024     
   1.0084235919080716E-007   1.0080401314662160E-007   6.2261963353734495E-009   6.0517118214716542E-009
 VESSEL CHECK
 North  -3.7660326630786486E-002  0.99929059827362954     
 South  -4.4254985284557596E-002 -0.99902026820153644     
 East  0.99776387854570758        6.6837434661703207E-002
 West -0.98355051411899175      -0.18063329199185602     
   1.0084235919080652E-007   1.0080401314662204E-007   6.2261963353814905E-009   6.0517118214533355E-009
 epsilon(   515.00000000000000      nm)= (  17.825399999999998     , 0.50668999999999997     )
 Re(sqrt(epsilon))=   4.2224400481392985     
 [Poisson eq.] Filling matrix
 Starting time loop.
 Time=  -1.9900000000000334E-013 Intensity=   1.5608081973338662E-015
   80.000000477192344      < Te <    80.000000477853547     
   80.000000477192344      < Th <    80.000000477853547     
   80.000000000000000      < Ts <   80.000000000000000     
   100000.00001007428      < Ne <   100000.00001008825     
   100000.00001007428      < Nh <   100000.00001008825     
 CFL_Te=   3.0172996512481956E-005 maxCFL_Ne=   2.3291356418542616E-005 maxCFL_Ts=   5.1020110945368359E-004 CPU=   326.32757997230624      NumThreads=                    1 Elapsed time=   3.0644054054054055E-003
 CFL_Limit=   1.0000000000000000E-003
 dt_init=   1.0000000000000001E-018 dt=   1.0000000000000001E-018
 Time=  -1.9800000000000668E-013 Intensity=   3.1054412247246876E-015
   80.000001427414261      < Te <    80.000001428727828     
   80.000001427414261      < Th <    80.000001428727828     
   80.000000000000000      < Ts <   80.000000000000000     
   100000.00003017709      < Ne <   100000.00003020490     
   100000.00003017709      < Nh <   100000.00003020490     
 CFL_Te=   3.0172996870869982E-005 maxCFL_Ne=   2.3291356695192078E-005 maxCFL_Ts=   5.1020110945368359E-004 CPU=   329.62229308616003      NumThreads=                    1 Elapsed time=   3.0337753876938469E-003
 CFL_Limit=   1.0000000000000000E-003
 dt_init=   1.0000000000000001E-018 dt=   1.0000000000000001E-018
 Time=  -1.9700000000001002E-013 Intensity=   6.1573230609639201E-015
   80.000003312372158      < Te <    80.000003314974620     
   80.000003312372158      < Th <    80.000003314974620     
   80.000000000000000      < Ts <   80.000000000000000     
   100000.00007009716      < Ne <   100000.00007015229     
   100000.00007009716      < Nh <   100000.00007015229     
 CFL_Te=   3.0172997581805335E-005 maxCFL_Ne=   2.3291357243982404E-005 maxCFL_Ts=   5.1020110945368359E-004 CPU=   327.46774076959179      NumThreads=                    1 Elapsed time=   3.0537359119706567E-003
 CFL_Limit=   1.0000000000000000E-003
 dt_init=   1.0000000000000001E-018 dt=   1.0000000000000001E-018
 Time=  -1.9600000000001335E-013 Intensity=   1.2166213048899516E-014
   80.000007040551225      < Te <    80.000007045691348     
   80.000007040551225      < Th <    80.000007045691348     
   80.000000000000000      < Ts <   80.000000000000000     
   100000.00014909677      < Ne <   100000.00014920571     
   100000.00014909677      < Nh <   100000.00014920571     
 CFL_Te=   3.0172998987934498E-005 maxCFL_Ne=   2.3291358329411744E-005 maxCFL_Ts=   5.1020110945368359E-004 CPU=   306.19311758420599      NumThreads=                    1 Elapsed time=   3.2659127281820456E-003
 CFL_Limit=   1.0000000000000000E-003
 dt_init=   1.0000000000000001E-018 dt=   1.0000000000000001E-018
 Time=  -1.9500000000001669E-013 Intensity=   2.3955969091122017E-014
   80.000014390740063      < Te <    80.000014400859044     
   80.000014390740063      < Th <    80.000014400859044     
   80.000000000000000      < Ts <   80.000000000000000     
   100000.00030489115      < Ne <   100000.00030510564     
   100000.00030489115      < Nh <   100000.00030510564     
 CFL_Te=   3.0173001760149759E-005 maxCFL_Ne=   2.3291360469360078E-005 maxCFL_Ts=   5.1020110945368359E-004 CPU=   308.94554641614826      NumThreads=                    1 Elapsed time=   3.2368163632726541E-003
 CFL_Limit=   1.0000000000000000E-003
 dt_init=   1.0000000000000001E-018 dt=   1.0000000000000001E-018
 Time=  -1.9400000000002002E-013 Intensity=   4.7007474681725239E-014
   80.000028833529129      < Te <    80.000028853382560     
   80.000028833529129      < Th <    80.000028853382560     
   80.000000000000000      < Ts <   80.000000000000000     
   100000.00061106883      < Ne <   100000.00061148973     
   100000.00061106883      < Nh <   100000.00061148973     
 CFL_Te=   3.0173007207427523E-005 maxCFL_Ne=   2.3291364674261902E-005 maxCFL_Ts=   5.1020110945368359E-004 CPU=   311.43782000378775      NumThreads=                    1 Elapsed time=   3.2109138189698283E-003
 CFL_Limit=   1.0000000000000000E-003
 dt_init=   1.0000000000000001E-018 dt=   1.0000000000000001E-018
 Time=  -1.9300000000002336E-013 Intensity=   9.1921043856280728E-014
   80.000057116609241      < Te <    80.000057155428721     
   80.000057116609241      < Th <    80.000057155428721     
   80.000000000000000      < Ts <   80.000000000000000     
   100000.00121070982      < Ne <   100000.00121153287     
   100000.00121070982      < Nh <   100000.00121153287     
 CFL_Te=   3.0173017874743431E-005 maxCFL_Ne=   2.3291372908653099E-005 maxCFL_Ts=   5.1020110945368359E-004 CPU=   313.46676325211087      NumThreads=                    1 Elapsed time=   3.1901308758394056E-003
 CFL_Limit=   1.0000000000000000E-003
 dt_init=   1.0000000000000001E-018 dt=   1.0000000000000001E-018
 Time=  -1.9200000000002670E-013 Intensity=   1.7912566855350728E-013
   80.000112313108744      < Te <    80.000112388751688     
   80.000112313108744      < Th <    80.000112388751688     
   80.000000000000000      < Ts <   80.000000000000000     
   100000.00238102887      < Ne <   100000.00238263275     
   100000.00238102887      < Nh <   100000.00238263275     
 CFL_Te=   3.0173038692790644E-005 maxCFL_Ne=   2.3291388978669788E-005 maxCFL_Ts=   5.1020110945368359E-004 CPU=   315.79182579629560      NumThreads=                    1 Elapsed time=   3.1666430803850482E-003
 CFL_Limit=   1.0000000000000000E-003
 dt_init=   1.0000000000000001E-018 dt=   1.0000000000000001E-018
 Time=  -1.9100000000003003E-013 Intensity=   3.4785283813530712E-013
   80.000219662256029      < Te <    80.000219809144241     
   80.000219662256029      < Th <    80.000219809144241     
   80.000000000000000      < Ts <   80.000000000000000     
   100000.00465723996      < Ne <   100000.00466035461     
   100000.00465723996      < Nh <   100000.00466035461     
 CFL_Te=   3.0173079180858492E-005 maxCFL_Ne=   2.3291420232510239E-005 maxCFL_Ts=   5.1020110945368359E-004 CPU=   317.45187353400308      NumThreads=                    1 Elapsed time=   3.1500837870874544E-003
 CFL_Limit=   1.0000000000000000E-003
 dt_init=   1.0000000000000001E-018 dt=   1.0000000000000001E-018
 Time=  -1.9000000000003337E-013 Intensity=   6.7317523082182542E-013
   80.000427720236658      < Te <    80.000428004488157     
   80.000427720236658      < Th <    80.000428004488157     
   80.000000000000000      < Ts <   80.000000000000000     
   100000.00906904222      < Ne <   100000.00907506979     
   100000.00906904222      < Nh <   100000.00907506979     
 CFL_Te=   3.0173157652517076E-005 maxCFL_Ne=   2.3291480806917156E-005 maxCFL_Ts=   5.1020110945368359E-004 CPU=   318.97864562541156      NumThreads=                    1 Elapsed time=   3.1350061006100612E-003
 CFL_Limit=   1.0000000000000000E-003
 dt_init=   1.0000000000000001E-018 dt=   1.0000000000000001E-018
 Time=  -1.8900000000003671E-013 Intensity=   1.2982417001071079E-012
   80.000829573122843      < Te <    80.000830121291941     
   80.000829573122843      < Th <    80.000830121291941     
   80.000000000000000      < Ts <   80.000000000000000     
   100000.01759051721      < Ne <   100000.01760214157     
   100000.01759051721      < Nh <   100000.01760214157     
 CFL_Te=   3.0173309216337835E-005 maxCFL_Ne=   2.3291597803151458E-005 maxCFL_Ts=   5.1020110945368359E-004 CPU=   320.42651598026373      NumThreads=                    1 Elapsed time=   3.1208403491226476E-003
 CFL_Limit=   1.0000000000000000E-003
 dt_init=   1.0000000000000001E-018 dt=   1.0000000000000001E-018
 Time=  -1.8800000000004004E-013 Intensity=   2.4950418329827070E-012
   80.001603047293969      < Te <    80.001604100762776     
   80.001603047293969      < Th <    80.001604100762776     
   80.000000000000000      < Ts <   80.000000000000000     
   100000.03399297041      < Ne <   100000.03401531083     
   100000.03399297041      < Nh <   100000.03401531083     
 CFL_Te=   3.0173600941754438E-005 maxCFL_Ne=   2.3291822993932617E-005 maxCFL_Ts=   5.1020110945368359E-004 CPU=   321.48156193795484      NumThreads=                    1 Elapsed time=   3.1105982998583218E-003
 CFL_Limit=   1.0000000000000000E-003
 dt_init=   1.0000000000000001E-018 dt=   1.0000000000000001E-018
 Time=  -1.8700000000004338E-013 Intensity=   4.7785370591305342E-012
   80.003086658295800      < Te <    80.003088675843074     
   80.003086658295800      < Th <    80.003088675843074     
   80.000000000000000      < Ts <   80.000000000000000     
   100000.06545582501      < Ne <   100000.06549861169     
   100000.06545582501      < Nh <   100000.06549861169     
 CFL_Te=   3.0174160504120915E-005 maxCFL_Ne=   2.3292254935337916E-005 maxCFL_Ts=   5.1020110945368359E-004 CPU=   322.06674534123721      NumThreads=                    1 Elapsed time=   3.1049464574198020E-003
 CFL_Limit=   1.0000000000000000E-003
 dt_init=   1.0000000000000001E-018 dt=   1.0000000000000001E-018
 Time=  -1.8600000000004672E-013 Intensity=   9.1202540354820250E-012
   80.005922548784412      < Te <    80.005926399313410     
   80.005922548784412      < Th <    80.005926399313410     
   80.000000000000000      < Ts <   80.000000000000000     
   100000.12559849530      < Ne <   100000.12568015739     
   100000.12559849530      < Nh <   100000.12568015739     
 CFL_Te=   3.0175230095537314E-005 maxCFL_Ne=   2.3293080582034669E-005 maxCFL_Ts=   5.1020110945368359E-004 CPU=   322.62960063783817      NumThreads=                    1 Elapsed time=   3.0995296092578041E-003
 CFL_Limit=   1.0000000000000000E-003
 dt_init=   1.0000000000000001E-018 dt=   1.0000000000000001E-018
 Time=  -1.8500000000005005E-013 Intensity=   1.7346575960485076E-011
   80.011324538537721      < Te <    80.011331861914684     
   80.011324538537721      < Th <    80.011331861914684     
   80.000000000000000      < Ts <   80.000000000000000     
   100000.24016629423      < Ne <   100000.24032161421     
   100000.24016629423      < Nh <   100000.24032161421     
 CFL_Te=   3.0177267523249992E-005 maxCFL_Ne=   2.3294653327884208E-005 maxCFL_Ts=   5.1020110945368359E-004 CPU=   323.32427799731397      NumThreads=                    1 Elapsed time=   3.0928701246749788E-003
 CFL_Limit=   1.0000000000000000E-003
 dt_init=   1.0000000000000001E-018 dt=   1.0000000000000001E-018
 Time=  -1.8400000000005339E-013 Intensity=   3.2878760687561038E-011
   80.021578992977467      < Te <    80.021592873193612     
   80.021578992977467      < Th <    80.021592873193612     
   80.000000000000000      < Ts <   80.000000000000000     
   100000.45765550045      < Ne <   100000.45794989449     
   100000.45765550045      < Nh <   100000.45794989449     
 CFL_Te=   3.0181135118452527E-005 maxCFL_Ne=   2.3297638829781820E-005 maxCFL_Ts=   5.1020110945368359E-004 CPU=   323.97451505779838      NumThreads=                    1 Elapsed time=   3.0866625414088383E-003
 CFL_Limit=   1.0000000000000000E-003
 dt_init=   1.0000000000000001E-018 dt=   1.0000000000000001E-018
 Time=  -1.8300000000005673E-013 Intensity=   6.2102912198057113E-011
   80.040977362502034      < Te <    80.041003578965189     
   80.040977362502034      < Th <    80.041003578965189     
   80.000000000000000      < Ts <   80.000000000000000     
   100000.86909702668      < Ne <   100000.86965309166     
   100000.86909702668      < Nh <   100000.86965309166     
 CFL_Te=   3.0188451455109034E-005 maxCFL_Ne=   2.3303286508979824E-005 maxCFL_Ts=   5.1020110945368359E-004 CPU=   324.28433343449689      NumThreads=                    1 Elapsed time=   3.0837135713865523E-003
 CFL_Limit=   1.0000000000000000E-003
 dt_init=   1.0000000000000001E-018 dt=   1.0000000000000001E-018
 Time=  -1.8200000000006006E-013 Intensity=   1.1689699388427008E-010
   80.077546153964363      < Te <    80.077595499005298     
   80.077546153964363      < Th <    80.077595499005298     
   80.000000000000000      < Ts <   80.000000000000000     
   100001.64476134343      < Ne <   100001.64580803066     
   100001.64476134343      < Nh <   100001.64580803066     
 CFL_Te=   3.0202243830242499E-005 maxCFL_Ne=   2.3313933218363126E-005 maxCFL_Ts=   5.1020110945368359E-004 CPU=   324.31191602593486      NumThreads=                    1 Elapsed time=   3.0834513028501582E-003
 CFL_Limit=   1.0000000000000000E-003
 dt_init=   1.0000000000000001E-018 dt=   1.0000000000000001E-018
 Time=  -1.8100000000006340E-013 Intensity=   2.1927522735647163E-010
   80.146244545999835      < Te <    80.146337101386791     
   80.146244545999835      < Th <    80.146337101386791     
   80.000000000000000      < Ts <   80.000000000000000     
   100003.10201374321      < Ne <   100003.10397711775     
   100003.10201374321      < Nh <   100003.10397711775     
 CFL_Te=   3.0228154284379190E-005 maxCFL_Ne=   2.3333934202422311E-005 maxCFL_Ts=   5.1020110945368359E-004 CPU=   324.64499994925018      NumThreads=                    1 Elapsed time=   3.0802876993525977E-003
 CFL_Limit=   1.0000000000000000E-003
 dt_init=   1.0000000000000001E-018 dt=   1.0000000000000001E-018
 Time=  -1.8000000000006673E-013 Intensity=   4.0989313713879761E-010
   80.274852899429192      < Te <    80.275025898408074     
   80.274852899429192      < Th <    80.275025898408074     
   80.000000000000000      < Ts <   80.000000000000000     
   100005.83030682562      < Ne <   100005.83397697915     
   100005.83030682562      < Nh <   100005.83397697915     
 CFL_Te=   3.0276660526583607E-005 maxCFL_Ne=   2.3371377489675532E-005 maxCFL_Ts=   5.1020110945368359E-004 CPU=   324.73598375095764      NumThreads=                    1 Elapsed time=   3.0794246712335617E-003
 CFL_Limit=   1.0000000000000000E-003
 dt_init=   1.0000000000000001E-018 dt=   1.0000000000000001E-018
 Time=  -1.7900000000007007E-013 Intensity=   7.6356598600097579E-010
   80.514775482500667      < Te <    80.515097707739471     
   80.514775482500667      < Th <    80.515097707739471     
   80.000000000000000      < Ts <   80.000000000000000     
   100010.92059700783      < Ne <   100010.92743392248     
   100010.92059700783      < Nh <   100010.92743392248     
 CFL_Te=   3.0367150316822356E-005 maxCFL_Ne=   2.3441229019198552E-005 maxCFL_Ts=   5.1020110945368359E-004 CPU=   324.82542547621631      NumThreads=                    1 Elapsed time=   3.0785767417496075E-003
 CFL_Limit=   1.0000000000000000E-003
 dt_init=   1.0000000000000001E-018 dt=   1.0000000000000001E-018
 Time=  -1.7800000000007341E-013 Intensity=   1.4174813416816798E-009
   80.960779689844912      < Te <    80.961377732658008     
   80.960779689844912      < Th <    80.961377732658008     
   80.000000000000000      < Ts <   80.000000000000000     
   100020.38491527138      < Ne <   100020.39760729687     
   100020.38491527138      < Nh <   100020.39760729687     
 CFL_Te=   3.0535366358228346E-005 maxCFL_Ne=   2.3571079555391817E-005 maxCFL_Ts=   5.1020110945368359E-004 CPU=   325.01982969634628      NumThreads=                    1 Elapsed time=   3.0767353516068913E-003
 CFL_Limit=   1.0000000000000000E-003
 dt_init=   1.0000000000000001E-018 dt=   1.0000000000000001E-018
 Time=  -1.7700000000007674E-013 Intensity=   2.6223036413214384E-009
   81.786908727878796      < Te <    81.788014662907941     
   81.786908727878796      < Th <    81.788014662907941     
   80.000000000000000      < Ts <   80.000000000000000     
   100037.92095044946      < Ne <   100037.94443036673     
   100037.92095044946      < Nh <   100037.94443036673     
 CFL_Te=   3.0846951213662981E-005 maxCFL_Ne=   2.3811600377364068E-005 maxCFL_Ts=   5.1020110945368359E-004 CPU=   325.34026200535840      NumThreads=                    1 Elapsed time=   3.0737050306535070E-003
 CFL_Limit=   1.0000000000000000E-003
 dt_init=   1.0000000000000001E-018 dt=   1.0000000000000001E-018
 Time=  -1.7600000000008008E-013 Intensity=   4.8344097271306617E-009
   83.311496839812222      < Te <    83.313534317399842     
   83.311496839812222      < Th <    83.313534317399842     
   80.000000000000000      < Ts <   80.000000000000000     
   100070.30034743261      < Ne <   100070.34363438787     
   100070.30034743261      < Nh <   100070.34363438787     
 CFL_Te=   3.1421968607537299E-005 maxCFL_Ne=   2.4255471938547843E-005 maxCFL_Ts=   5.1020110945368359E-004 CPU=   325.63121458299207      NumThreads=                    1 Elapsed time=   3.0709586649443729E-003
 CFL_Limit=   1.0000000000000000E-003
 dt_init=   1.0000000000000001E-018 dt=   1.0000000000000001E-018
 Time=  -1.7500000000008342E-013 Intensity=   8.8817548566826219E-009
   86.114154251527864      < Te <    86.117892902321657     
   86.114154251527864      < Th <    86.117892902321657     
   80.000000000000000      < Ts <   80.000000000000000     
   100129.88046851470      < Ne <   100129.95999510572     
   100129.88046851470      < Nh <   100129.95999510572     
 CFL_Te=   3.2479025755099271E-005 maxCFL_Ne=   2.5071443092372395E-005 maxCFL_Ts=   5.1020110945368359E-004 CPU=   325.90972964067703      NumThreads=                    1 Elapsed time=   3.0683342933717351E-003
 CFL_Limit=   1.0000000000000000E-003
 dt_init=   1.0000000000000001E-018 dt=   1.0000000000000001E-018
 Time=  -1.7400000000008675E-013 Intensity=   1.6261064004507730E-008
   91.244536539257197      < Te <    91.251366237725975     
   91.244536539257197      < Th <    91.251366237725975     
   80.000000000000000      < Ts <   80.000000000000000     
   100239.13244014983      < Ne <   100239.27804054158     
   100239.13244014983      < Nh <   100239.27804054158     
 CFL_Te=   3.4414013329499200E-005 maxCFL_Ne=   2.6565112613798827E-005 maxCFL_Ts=   5.1020110945368359E-004 CPU=   326.16229172748729      NumThreads=                    1 Elapsed time=   3.0659583445517133E-003
 CFL_Limit=   1.0000000000000000E-003
 dt_init=   1.0000000000000001E-018 dt=   1.0000000000000001E-018
 Time=  -1.7300000000009009E-013 Intensity=   2.9668390479681111E-008
   100.59039631092435      < Te <    100.60280717485871     
   100.59039631092435      < Th <    100.60280717485871     
   80.000000000000000      < Ts <   80.000000000000000     
   100438.77469297295      < Ne <   100439.04034159688     
   100438.77469297295      < Nh <   100439.04034159688     
 CFL_Te=   3.7938920737181690E-005 maxCFL_Ne=   2.9286084484813724E-005 maxCFL_Ts=   5.1020110945368359E-004 CPU=   326.39973763259138      NumThreads=                    1 Elapsed time=   3.0637279528871438E-003
 CFL_Limit=   1.0000000000000000E-003
 dt_init=   1.0000000000000001E-018 dt=   1.0000000000000001E-018
 Time=  -1.7200000000009343E-013 Intensity=   5.3942846938300164E-008
   117.51384716589304      < Te <    117.53624919722215     
   117.51384716589304      < Th <    117.53624919722215     
   80.000000000000000      < Ts <   80.000000000000000     
   100802.33035897999      < Ne <   100802.81335933249     
   100802.33035897999      < Nh <   100802.81335933249     
 CFL_Te=   4.4321810994434970E-005 maxCFL_Ne=   3.4213211026608459E-005 maxCFL_Ts=   5.1020110945368359E-004 CPU=   325.72810159952633      NumThreads=                    1 Elapsed time=   3.0700452159005678E-003
 CFL_Limit=   1.0000000000000000E-003
 dt_init=   1.0000000000000001E-018 dt=   1.0000000000000001E-018
 Time=  -1.7100000000009676E-013 Intensity=   9.7739157377142928E-008
   147.91469049726021      < Te <    147.95475317381212     
   147.91469049726021      < Th <    147.95475317381212     
   80.000000000000000      < Ts <   80.000000000000000     
   101462.08833628001      < Ne <   101462.96348563059     
   101462.08833628001      < Nh <   101462.96348563059     
 CFL_Te=   5.5787867673714216E-005 maxCFL_Ne=   4.3064171942002662E-005 maxCFL_Ts=   5.1020110945368359E-004 CPU=   323.38271951764085      NumThreads=                    1 Elapsed time=   3.0923111831442467E-003
 CFL_Limit=   1.0000000000000000E-003
 dt_init=   1.0000000000000001E-018 dt=   1.0000000000000001E-018
 Time=  -1.7000000000010010E-013 Intensity=   1.7648108606485697E-007
   201.89944842506964      < Te <    201.97011273333703     
   201.89944842506964      < Th <    201.97011273333703     
   80.000000000000000      < Ts <   80.000000000000000     
   102655.23452902456      < Ne <   102656.81472791315     
   102655.23452902456      < Nh <   102656.81472791315     
 CFL_Te=   7.6148891460799836E-005 maxCFL_Ne=   5.8781399824067814E-005 maxCFL_Ts=   5.1020110945368359E-004 CPU=   321.64770429486265      NumThreads=                    1 Elapsed time=   3.1089915663855463E-003
 CFL_Limit=   1.0000000000000000E-003
 dt_init=   1.0000000000000001E-018 dt=   1.0000000000000001E-018
 Time=  -1.6900000000010343E-013 Intensity=   3.1755766135123548E-007
   296.08517307479542      < Te <    296.20715771690237     
   296.08517307479542      < Th <    296.20715771690237     
   80.000000000000000      < Ts <   80.000000000000000     
   104805.52904171725      < Ne <   104808.37243006397     
   104805.52904171725      < Nh <   104808.37243006397     
 CFL_Te=   1.1167221051617866E-004 maxCFL_Ne=   8.6202815689945180E-005 maxCFL_Ts=   5.1020110945368359E-004 CPU=   319.77512192877163      NumThreads=                    1 Elapsed time=   3.1271976192780411E-003
 CFL_Limit=   1.0000000000000000E-003
 dt_init=   1.0000000000000001E-018 dt=   1.0000000000000001E-018
 Time=  -1.6800000000010677E-013 Intensity=   5.6943200375045409E-007
   455.87956315522638      < Te <    456.08302538039419     
   455.87956315522638      < Th <    456.08302538039419     
   80.000000000000000      < Ts <   80.000000000000000     
   108667.39780146530      < Ne <   108672.49645446842     
   108667.39780146530      < Nh <   108672.49645446842     
 CFL_Te=   1.7194065483932099E-004 maxCFL_Ne=   1.3272566657552767E-004 maxCFL_Ts=   5.1020110945368359E-004 CPU=   317.52796437097885      NumThreads=                    1 Elapsed time=   3.1493289165286419E-003
 CFL_Limit=   1.0000000000000000E-003
 dt_init=   1.0000000000000001E-018 dt=   1.0000000000000001E-018
 Time=  -1.6700000000011011E-013 Intensity=   1.0175505639765076E-006
   715.21605091348454      < Te <    715.53743948940746     
   715.21605091348454      < Th <    715.53743948940746     
   80.000000000000000      < Ts <   80.000000000000000     
   115579.21673096764      < Ne <   115588.32780516909     
   115579.21673096764      < Nh <   115588.32780516909     
 CFL_Te=   2.6975264101449734E-004 maxCFL_Ne=   2.0822939823403772E-004 maxCFL_Ts=   5.1020110945368359E-004 CPU=   315.44025815877734      NumThreads=                    1 Elapsed time=   3.1701723991636112E-003
 CFL_Limit=   1.0000000000000000E-003
 dt_init=   1.0000000000000001E-018 dt=   1.0000000000000001E-018
 Time=  -1.6600000000011344E-013 Intensity=   1.8120283017422144E-006
   1108.1977868702265      < Te <    1108.6651011891365     
   1108.1977868702265      < Th <    1108.6651011891365     
   80.000000000000000      < Ts <   80.000000000000000     
   127906.92848748119      < Ne <   127923.15325792191     
   127906.92848748119      < Nh <   127923.15325792191     
 CFL_Te=   4.1797059698653989E-004 maxCFL_Ne=   3.2264286852839834E-004 maxCFL_Ts=   5.1020110945368359E-004 CPU=   314.82677721238986      NumThreads=                    1 Elapsed time=   3.1763498926439013E-003
 CFL_Limit=   1.0000000000000000E-003
 dt_init=   1.0000000000000001E-018 dt=   1.0000000000000001E-018
 Time=  -1.6500000000011678E-013 Intensity=   3.2156502290740630E-006
   1647.0852286035954      < Te <    1647.6896975364098     
   1647.0852286035954      < Th <    1647.6896975364098     
   80.000000000000000      < Ts <   80.000000000000000     
   149818.21450097521      < Ne <   149847.00720072520     
   149818.21450097521      < Nh <   149847.00720072520     
 CFL_Te=   6.2121870702470038E-004 maxCFL_Ne=   4.7953561102865460E-004 maxCFL_Ts=   5.1020110945368359E-004 CPU=   315.34609957492563      NumThreads=                    1 Elapsed time=   3.1711189748278522E-003
 CFL_Limit=   1.0000000000000000E-003
 dt_init=   1.0000000000000001E-018 dt=   1.0000000000000001E-018
 Time=  -1.6400000000012012E-013 Intensity=   5.6867937975120608E-006
   2294.3745581941444      < Te <    2295.0489118556284     
   2294.3745581941444      < Th <    2295.0489118556288     
   80.000000000000000      < Ts <   80.000000000000000     
   188628.65260999257      < Ne <   188679.57175163788     
   188628.65260999257      < Nh <   188679.57175163788     
 CFL_Te=   8.6535193912224903E-004 maxCFL_Ne=   6.6798869092221202E-004 maxCFL_Ts=   5.1020110945368359E-004 CPU=   315.82641624293353      NumThreads=                    1 Elapsed time=   3.1662962582293956E-003
 CFL_Limit=   1.0000000000000000E-003
 dt_init=   1.0000000000000001E-018 dt=   1.0000000000000001E-018
 Time=  -1.6300000000012345E-013 Intensity=   1.0022152535589665E-005
   2960.1233031556517      < Te <    2960.7628434500471     
   2960.1233031556517      < Th <    2960.7628434500471     
   80.000000000000000      < Ts <   80.000000000000000     
   257134.00754132075      < Ne <   257223.74518081770     
   257134.00754132075      < Nh <   257223.74518081770     
 CFL_Te=   1.1164473696233996E-003 maxCFL_Ne=   8.6181608106724900E-004 maxCFL_Ts=   5.1020110945368359E-004 CPU=   316.25177429519698      NumThreads=                    1 Elapsed time=   3.1620375956106926E-003
 CFL_Limit=   1.0000000000000000E-003
 dt_init=   1.0000000000000001E-018 dt=   1.0000000000000001E-018
 Time=  -1.6200000000012679E-013 Intensity=   1.7601488071436876E-005
   3545.0847960846704      < Te <    3545.6055029430386     
   3545.0847960846695      < Th <    3545.6055029430386     
   80.000000000000000      < Ts <   80.000000000000000     
   377636.43954808038      < Ne <   377794.04204572178     
   377636.43954808038      < Nh <   377794.04204572178     
 CFL_Te=   1.3370728818834336E-003 maxCFL_Ne=   1.0321229128380423E-003 maxCFL_Ts=   5.1020110945368359E-004 CPU=   316.66030454372913      NumThreads=                    1 Elapsed time=   3.1579581831100816E-003
 CFL_Limit=   1.0000000000000000E-003
 dt_init=   1.0000000000000001E-018 dt=   1.0000000000000001E-018
 Time=  -1.6100000000013013E-013 Intensity=   3.0805808613878608E-005
   3992.8061216086940      < Te <    3993.1808435815597     
   3992.8061216086940      < Th <    3993.1808435815597     
   80.000000000000000      < Ts <   80.000000000000000     
   588869.74948411307      < Ne <   589145.58260272024     
   588869.74948411307      < Nh <   589145.58260272024     
 CFL_Te=   1.5059365557961802E-003 maxCFL_Ne=   1.1624733741725445E-003 maxCFL_Ts=   5.1020110945368359E-004 CPU=   317.02630673709234      NumThreads=                    1 Elapsed time=   3.1543123669837687E-003
 CFL_Limit=   1.0000000000000000E-003
 dt_init=   1.0000000000000001E-018 dt=   1.0000000000000001E-018
 Time=  -1.6000000000013346E-013 Intensity=   5.3729239106903670E-005
   4301.0901197548419      < Te <    4301.3370470978634     
   4301.0901197548446      < Th <    4301.3370470978634     
   80.000000000000000      < Ts <   80.000000000000000     
   957867.96813317935      < Ne <   958349.05617193703     
   957867.96813317935      < Nh <   958349.05617193703     
 CFL_Te=   1.6222097051140948E-003 maxCFL_Ne=   1.2522277796241101E-003 maxCFL_Ts=   5.1020110945368359E-004 CPU=   317.39990416822513      NumThreads=                    1 Elapsed time=   3.1505995649891245E-003
 CFL_Limit=   1.0000000000000000E-003
 dt_init=   1.0000000000000001E-018 dt=   1.0000000000000001E-018
 Time=  -1.5900000000013680E-013 Intensity=   9.3386396508871733E-005
   4498.4978838946254      < Te <    4498.6515680455423     
   4498.4978838946327      < Th <    4498.6515680455423     
   80.000000000000000      < Ts <   80.000000000000000     
   1600232.2641484782      < Ne <   1601068.4398401866     
   1600232.2641484782      < Nh <   1601068.4398401866     
 CFL_Te=   1.6966645019065624E-003 maxCFL_Ne=   1.3097014617108771E-003 maxCFL_Ts=   5.1020110945368359E-004 CPU=   317.76762088461908      NumThreads=                    1 Elapsed time=   3.1469537305787942E-003
 CFL_Limit=   1.0000000000000000E-003
 dt_init=   1.0000000000000001E-018 dt=   1.0000000000000001E-018
 Time=  -1.5800000000014014E-013 Intensity=   1.6175264648251087E-004
   4619.2470502383030      < Te <    4619.3394554647975     
   4619.2470502383039      < Th <    4619.3394554647975     
   80.000000000000000      < Ts <   80.000000000000000     
   2714613.4648008035      < Ne <   2716061.7875407687     
   2714613.4648008035      < Nh <   2716061.7875407687     
 CFL_Te=   1.7422065538220662E-003 maxCFL_Ne=   1.3448566098830861E-003 maxCFL_Ts=   5.1020110945368359E-004 CPU=   318.10203326269186      NumThreads=                    1 Elapsed time=   3.1436454201290501E-003
 CFL_Limit=   1.0000000000000000E-003
 dt_init=   1.0000000000000001E-018 dt=   1.0000000000000001E-018
 Time=  -1.5700000000014347E-013 Intensity=   2.7919910540149856E-004
   4691.1265314061184      < Te <    4691.1809989548801     
   4691.1265314061184      < Th <    4691.1809989548810     
   80.000000000000000      < Ts <   80.000000000000000     
   4641168.5173142357      < Ne <   4643668.4481809437     
   4641168.5173142357      < Nh <   4643668.4481809437     
 CFL_Te=   1.7693167953428015E-003 maxCFL_Ne=   1.3657837424465018E-003 maxCFL_Ts=   5.1020110945368359E-004 CPU=   318.40188982876981      NumThreads=                    1 Elapsed time=   3.1406848763924737E-003
 CFL_Limit=   1.0000000000000000E-003
 dt_init=   1.0000000000000001E-018 dt=   1.0000000000000001E-018
 Time=  -1.5600000000014681E-013 Intensity=   4.8025456292409118E-004
   4733.2582314732426      < Te <    4733.2899804315030     
   4733.2582314732426      < Th <    4733.2899804315030     
   80.000000000000000      < Ts <   80.000000000000000     
   7960299.1013220949      < Ne <   7964599.2699888069     
   7960299.1013220949      < Nh <   7964599.2699888069     
 CFL_Te=   1.7852072907378930E-003 maxCFL_Ne=   1.3780500479081146E-003 maxCFL_Ts=   5.1020110945368359E-004 CPU=   318.66109470250825      NumThreads=                    1 Elapsed time=   3.1381301847769267E-003
 CFL_Limit=   1.0000000000000000E-003
 dt_init=   1.0000000000000001E-018 dt=   1.0000000000000001E-018
 Time=  -1.5500000000015014E-013 Intensity=   8.2323500183163778E-004
   4757.7368410727877      < Te <    4757.7552250686267     
   4757.7368410727877      < Th <    4757.7552250686276     
   80.000000000000000      < Ts <   80.000000000000000     
   13658825.005917948      < Ne <   13666196.199677201     
   13658825.005917948      < Nh <   13666196.199677201     
 CFL_Te=   1.7944397032087919E-003 maxCFL_Ne=   1.3851767981257709E-003 maxCFL_Ts=   5.1020110945368359E-004 CPU=   318.88167045212424      NumThreads=                    1 Elapsed time=   3.1359594879886220E-003
 CFL_Limit=   1.0000000000000000E-003
 dt_init=   1.0000000000000001E-018 dt=   1.0000000000000001E-018
 Time=  -1.5400000000015348E-013 Intensity=   1.4062774236661619E-003
   4771.8776967455087      < Te <    4771.8882871611559     
   4771.8776967455060      < Th <    4771.8882871611568     
   80.000000000000000      < Ts <   80.000000000000000     
   23408631.346135695      < Ne <   23421223.064787634     
   23408631.346135695      < Nh <   23421223.064787634     
 CFL_Te=   1.7997731030381860E-003 maxCFL_Ne=   1.3892937944704185E-003 maxCFL_Ts=   5.1020110945368359E-004 CPU=   319.04089450358202      NumThreads=                    1 Elapsed time=   3.1343944216178608E-003
 CFL_Limit=   1.0000000000000000E-003
 dt_init=   1.0000000000000001E-018 dt=   1.0000000000000001E-018
 Time=  -1.5300000000015682E-013 Intensity=   2.3939387363958401E-003
   4780.0019834383102      < Te <    4780.0080453393666     
   4780.0019834383102      < Th <    4780.0080453393666     
   80.000000000000000      < Ts <   80.000000000000000     
   40032217.877309702      < Ne <   40053653.052815400     
   40032217.877309702      < Nh <   40053653.052815400     
 CFL_Te=   1.8028372789455087E-003 maxCFL_Ne=   1.3916591151689162E-003 maxCFL_Ts=   5.1020110945368359E-004 CPU=   319.23733528828478      NumThreads=                    1 Elapsed time=   3.1324656907593773E-003
 CFL_Limit=   1.0000000000000000E-003
 dt_init=   1.0000000000000001E-018 dt=   1.0000000000000001E-018
 Time=  -1.5200000000016015E-013 Intensity=   4.0611582196023030E-003
   4784.6317916393646      < Te <    4784.6352235654304     
   4784.6317916393646      < Th <    4784.6352235654304     
   80.000000000000000      < Ts <   80.000000000000000     
   68277683.910450026      < Ne <   68314047.263732255     
   68277683.910450026      < Nh <   68314047.263732255     
 CFL_Te=   1.8045834687688916E-003 maxCFL_Ne=   1.3930070465728789E-003 maxCFL_Ts=   5.1020110945368359E-004 CPU=   319.40492132852967      NumThreads=                    1 Elapsed time=   3.1308221421279610E-003
 CFL_Limit=   1.0000000000000000E-003
 dt_init=   1.0000000000000001E-018 dt=   1.0000000000000001E-018
 Time=  -1.5100000000016349E-013 Intensity=   6.8656496377184186E-003
   4787.2311608966693      < Te <    4787.2330633938655     
   4787.2311608966693      < Th <    4787.2330633938645     
   80.000000000000000      < Ts <   80.000000000000000     
   116104122.15020396      < Ne <   116165596.74238034     
   116104122.15020396      < Nh <   116165596.74238034     
 CFL_Te=   1.8055638532572375E-003 maxCFL_Ne=   1.3937638320163058E-003 maxCFL_Ts=   5.1020110945368359E-004 CPU=   319.57817741576326      NumThreads=                    1 Elapsed time=   3.1291247984652744E-003
 CFL_Limit=   1.0000000000000000E-003
 dt_init=   1.0000000000000001E-018 dt=   1.0000000000000001E-018
 Time=  -1.5000000000016683E-013 Intensity=   1.1566666520934519E-002
   4788.6484766543854      < Te <    4788.6494874426808     
   4788.6484766543836      < Th <    4788.6494874426844     
   80.000000000000000      < Ts <   80.000000000000000     
   196805808.83454195      < Ne <   196909376.03502718     
   196805808.83454195      < Nh <   196909376.03502718     
 CFL_Te=   1.8060984115467360E-003 maxCFL_Ne=   1.3941764720947268E-003 maxCFL_Ts=   5.1020110945368359E-004 CPU=   319.74077866417662      NumThreads=                    1 Elapsed time=   3.1275335106702132E-003
 CFL_Limit=   1.0000000000000000E-003
 dt_init=   1.0000000000000001E-018 dt=   1.0000000000000001E-018
 Time=  -1.4900000000017016E-013 Intensity=   1.9419124322407912E-002
   4789.3755535848086      < Te <    4789.3760426227318     
   4789.3755535848077      < Th <    4789.3760426227345     
   80.000000000000000      < Ts <   80.000000000000000     
   332509750.66761112      < Ne <   332683628.27984113     
   332509750.66761112      < Nh <   332683628.27984107     
 CFL_Te=   1.8063726376661724E-003 maxCFL_Ne=   1.3943881546925911E-003 maxCFL_Ts=   5.1020110945368359E-004 CPU=   319.93924297377691      NumThreads=                    1 Elapsed time=   3.1255934430086860E-003
 CFL_Limit=   1.0000000000000000E-003
 dt_init=   1.0000000000000001E-018 dt=   1.0000000000000001E-018
 Time=  -1.4800000000017350E-013 Intensity=   3.2489716342295395E-002
   4789.6979541988849      < Te <    4789.6981365445990     
   4789.6979541988849      < Th <    4789.6981365445990     
   80.000000000000000      < Ts <   80.000000000000000     
   559913485.38854301      < Ne <   560204396.25787997     
   559913485.38854301      < Nh <   560204396.25787997     
 CFL_Te=   1.8064942350729974E-003 maxCFL_Ne=   1.3944820190371810E-003 maxCFL_Ts=   5.1020110945368359E-004 CPU=   320.13245069970111      NumThreads=                    1 Elapsed time=   3.1237070712898324E-003
 CFL_Limit=   1.0000000000000000E-003
 dt_init=   1.0000000000000001E-018 dt=   1.0000000000000001E-018
 Time=  -1.4700000000017684E-013 Intensity=   5.4169776937058010E-002
   4789.7818614751604      < Te <    4789.7818624564006     
   4789.7818614751604      < Th <    4789.7818624564006     
   80.000000000000000      < Ts <   80.000000000000000     
   939663677.22109902      < Ne <   940148709.98782086     
   939663677.22109902      < Nh <   940148709.98782086     
 CFL_Te=   1.8065258817472388E-003 maxCFL_Ne=   1.3945064479655082E-003 maxCFL_Ts=   5.1020110945368359E-004 CPU=   320.34135832388006      NumThreads=                    1 Elapsed time=   3.1216699749051866E-003
 CFL_Limit=   1.0000000000000000E-003
 dt_init=   1.0000000000000001E-018 dt=   1.0000000000000001E-018
 Time=  -1.4600000000018017E-013 Intensity=   9.0004251555476325E-002
   4789.7241331852383      < Te <    4789.7242403315004     
   4789.7241331852374      < Th <    4789.7242403315004     
   80.000000000000000      < Ts <   80.000000000000000     
   1571629642.5968106      < Ne <   1572435534.9949894     
   1571629642.5968106      < Nh <   1572435534.9949894     
 CFL_Te=   1.8065041492152810E-003 maxCFL_Ne=   1.3944896720331809E-003 maxCFL_Ts=   5.1020110945368359E-004 CPU=   320.52262585592553      NumThreads=                    1 Elapsed time=   3.1199045537880330E-003
 CFL_Limit=   1.0000000000000000E-003
 dt_init=   1.0000000000000001E-018 dt=   1.0000000000000001E-018
 Time=  -1.4500000000018351E-013 Intensity=  0.14902662029678132     
   4789.5816538247682      < Te <    4789.5818261808517     
   4789.5816538247664      < Th <    4789.5818261808517     
   80.000000000000000      < Ts <   80.000000000000000     
   2619686049.0848351      < Ne <   2621020424.0634122     
   2619686049.0848351      < Nh <   2621020424.0634122     
 CFL_Te=   1.8064504359447170E-003 maxCFL_Ne=   1.3944482092991557E-003 maxCFL_Ts=   5.1020110945368359E-004 CPU=   320.67924410633020      NumThreads=                    1 Elapsed time=   3.1183808069237622E-003
 CFL_Limit=   1.0000000000000000E-003
 dt_init=   1.0000000000000001E-018 dt=   1.0000000000000001E-018
 Time=  -1.4400000000018685E-013 Intensity=  0.24590056693320117     
   4789.3876961437409      < Te <    4789.3879084904484     
   4789.3876961437372      < Th <    4789.3879084904484     
   80.000000000000000      < Ts <   80.000000000000000     
   4351777839.9534502      < Ne <   4353979618.1681890     
   4351777839.9534502      < Nh <   4353979618.1681890     
 CFL_Te=   1.8063772974727006E-003 maxCFL_Ne=   1.3943917517239542E-003 maxCFL_Ts=   5.1020110945368359E-004 CPU=   320.79169320740220      NumThreads=                    1 Elapsed time=   3.1172877015660993E-003
 CFL_Limit=   1.0000000000000000E-003
 dt_init=   1.0000000000000001E-018 dt=   1.0000000000000001E-018
 Time=  -1.4300000000019018E-013 Intensity=  0.40434311979042498     
   4789.1618340552004      < Te <    4789.1620715362897     
   4789.1618340551968      < Th <    4789.1620715362897     
   80.000000000000000      < Ts <   80.000000000000000     
   7204453713.1548977      < Ne <   7208074176.0505648     
   7204453713.1548977      < Nh <   7208074176.0505648     
 CFL_Te=   1.8062921202528313E-003 maxCFL_Ne=   1.3943260011119488E-003 maxCFL_Ts=   5.1020110945368359E-004 CPU=   320.91757100525768      NumThreads=                    1 Elapsed time=   3.1160649660520357E-003
 CFL_Limit=   1.0000000000000000E-003
 dt_init=   1.0000000000000001E-018 dt=   1.0000000000000001E-018
 Time=  -1.4200000000019352E-013 Intensity=  0.66257559509688757     
   4788.9156094346308      < Te <    4788.9158632809522     
   4788.9156094346290      < Th <    4788.9158632809522     
   80.000000000000000      < Ts <   80.000000000000000     
   11886430262.115578      < Ne <   11892362922.415777     
   11886430262.115578      < Nh <   11892362922.415777     
 CFL_Te=   1.8061992597430141E-003 maxCFL_Ne=   1.3942543195595235E-003 maxCFL_Ts=   5.1020110945368359E-004 CPU=   321.00594281906683      NumThreads=                    1 Elapsed time=   3.1152071242607627E-003
 CFL_Limit=   1.0000000000000000E-003
 dt_init=   1.0000000000000001E-018 dt=   1.0000000000000001E-018
 Time=  -1.4100000000019685E-013 Intensity=   1.0819711056619992     
   4788.6558392280976      < Te <    4788.6561042576650     
   4788.6558392280976      < Th <    4788.6561042576650     
   80.000000000000000      < Ts <   80.000000000000000     
   19544182635.293037      < Ne <   19553870536.745445     
   19544182635.293037      < Nh <   19553870536.745445     
 CFL_Te=   1.8061012883923027E-003 maxCFL_Ne=   1.3941786928100455E-003 maxCFL_Ts=   5.1020110945368359E-004 CPU=   321.13253236877563      NumThreads=                    1 Elapsed time=   3.1139791182901405E-003
 CFL_Limit=   1.0000000000000000E-003
 dt_init=   1.0000000000000001E-018 dt=   1.0000000000000001E-018
 Time=  -1.4000000000020019E-013 Intensity=   1.7607217970199551     
   4788.3865517072136      < Te <    4788.3868248590743     
   4788.3865517072127      < Th <    4788.3868248590743     
   80.000000000000000      < Ts <   80.000000000000000     
   32025737284.697441      < Ne <   32041502677.403343     
   32025737284.697441      < Nh <   32041502677.403343     
 CFL_Te=   1.8059997263134766E-003 maxCFL_Ne=   1.3941002942799037E-003 maxCFL_Ts=   5.1020110945368359E-004 CPU=   320.96744452657964      NumThreads=                    1 Elapsed time=   3.1155807763462722E-003
 CFL_Limit=   1.0000000000000000E-003
 dt_init=   1.0000000000000001E-018 dt=   1.0000000000000001E-018
 Time=  -1.3900000000020353E-013 Intensity=   2.8553586656755012     
   4788.1101236565210      < Te <    4788.1104031282075     
   4788.1101236565200      < Th <    4788.1104031282075     
   80.000000000000000      < Ts <   80.000000000000000     
   52299358415.114815      < Ne <   52324925117.977486     
   52299358415.114815      < Nh <   52324925117.977478     
 CFL_Te=   1.8058954704150807E-003 maxCFL_Ne=   1.3940198163171907E-003 maxCFL_Ts=   5.1020110945368359E-004 CPU=   320.77744095769606      NumThreads=                    1 Elapsed time=   3.1174262037082573E-003
 CFL_Limit=   1.0000000000000000E-003
 dt_init=   1.0000000000000001E-018 dt=   1.0000000000000001E-018
 Time=  -1.3800000000020686E-013 Intensity=   4.6145084551220714     
   4787.8279503673011      < Te <    4787.8282351057214     
   4787.8279503673002      < Th <    4787.8282351057214     
   80.000000000000000      < Ts <   80.000000000000000     
   85115630929.910080      < Ne <   85156948950.240631     
   85115630929.910080      < Nh <   85156948950.240616     
 CFL_Te=   1.8057890472312358E-003 maxCFL_Ne=   1.3939376653679105E-003 maxCFL_Ts=   5.1020110945368359E-004 CPU=   320.57476880757190      NumThreads=                    1 Elapsed time=   3.1193970870497909E-003
 CFL_Limit=   1.0000000000000000E-003
 dt_init=   1.0000000000000001E-018 dt=   1.0000000000000001E-018
 Time=  -1.3700000000021020E-013 Intensity=   7.4316470194783788     
   4787.5408416269329      < Te <    4787.5411310270556     
   4787.5408416269320      < Th <    4787.5411310270574     
   80.000000000000000      < Ts <   80.000000000000000     
   138050574274.36871      < Ne <   138117116777.84909     
   138050574274.36871      < Nh <   138117116777.84906     
 CFL_Te=   1.8056807623523274E-003 maxCFL_Ne=   1.3938540773255910E-003 maxCFL_Ts=   5.1020110945368359E-004 CPU=   320.52858954344867      NumThreads=                    1 Elapsed time=   3.1198465055000870E-003
 CFL_Limit=   1.0000000000000000E-003
 dt_init=   1.0000000000000001E-018 dt=   1.0000000000000001E-018
 Time=  -1.3600000000021354E-013 Intensity=   11.927228832021447     
   4787.2492565026187      < Te <    4787.2495502284291     
   4787.2492565026187      < Th <    4787.2495502284301     
   80.000000000000000      < Ts <   80.000000000000000     
   223143006120.89902      < Ne <   223249801784.09421     
   223143006120.89905      < Nh <   223249801784.09421     
 CFL_Te=   1.8055707890227322E-003 maxCFL_Ne=   1.3937691859222774E-003 maxCFL_Ts=   5.1020110945368359E-004 CPU=   320.33833061429414      NumThreads=                    1 Elapsed time=   3.1216994796793699E-003
 CFL_Limit=   1.0000000000000000E-003
 dt_init=   1.0000000000000001E-018 dt=   1.0000000000000001E-018
 Time=  -1.3500000000021687E-013 Intensity=   19.076068766845733     
   4786.9534429825562      < Te <    4786.9537408604128     
   4786.9534429825562      < Th <    4786.9537408604137     
   80.000000000000000      < Ts <   80.000000000000000     
   359455197066.72394      < Ne <   359626002998.21442     
   359455197066.72394      < Nh <   359626002998.21442     
 CFL_Te=   1.8054592208355280E-003 maxCFL_Ne=   1.3936830634050108E-003 maxCFL_Ts=   5.1020110945368359E-004 CPU=   319.98270137057494      NumThreads=                    1 Elapsed time=   3.1251689410606311E-003
 CFL_Limit=   1.0000000000000000E-003
 dt_init=   1.0000000000000001E-018 dt=   1.0000000000000001E-018
 Time=  -1.3400000000022021E-013 Intensity=   30.404163347642267     
   4786.6535212861500      < Te <    4786.6538232410530     
   4786.6535212861500      < Th <    4786.6538232410576     
   80.000000000000000      < Ts <   80.000000000000000     
   577062637671.65869      < Ne <   577334874658.51770     
   577062637671.65869      < Nh <   577334874658.51770     
 CFL_Te=   1.8053461031701664E-003 maxCFL_Ne=   1.3935957448034221E-003 maxCFL_Ts=   5.1020110945368359E-004 CPU=   319.83303299668052      NumThreads=                    1 Elapsed time=   3.1266313883543690E-003
 CFL_Limit=   1.0000000000000000E-003
 dt_init=   1.0000000000000001E-018 dt=   1.0000000000000001E-018
 Time=  -1.3300000000022355E-013 Intensity=   48.291654511588462     
   4786.3495337165396      < Te <    4786.3498397339617     
   4786.3495337165396      < Th <    4786.3498397339627     
   80.000000000000000      < Ts <   80.000000000000000     
   923247492271.12451      < Ne <   923679892744.31287     
   923247492271.12451      < Nh <   923679892744.31287     
 CFL_Te=   1.8052314520046093E-003 maxCFL_Ne=   1.3935072424513381E-003 maxCFL_Ts=   5.1020110945368359E-004 CPU=   319.68123316423760      NumThreads=                    1 Elapsed time=   3.1281160614337528E-003
 CFL_Limit=   1.0000000000000000E-003
 dt_init=   1.0000000000000001E-018 dt=   1.0000000000000001E-018
 Time=  -1.3200000000022688E-013 Intensity=   76.437409953695052     
   4786.0414745768530      < Te <    4786.0417846797618     
   4786.0414745768521      < Th <    4786.0417846797627     
   80.000000000000000      < Ts <   80.000000000000000     
   1472077269933.1152      < Ne <   1472761685756.7603     
   1472077269933.1152      < Nh <   1472761685756.7603     
