 Hello from thread =                    0
OpenMP TEST
Number of Threads = 1
*******************************
 Pi =    3.1415926535897931     
 Read PolarizationSource TM:                     0
 Read phiMie0:    270.00000000000000      deg -> rad
 Importing data on Polarization.
 Loading GMSH mesh...
 MESH INFORMATIONS
 [GMSH] Quadrangles number
               120000
 [GMSH] Node number
               120704
 Latest running index while remeshing               302154
 [Mesh] Building...

 [Mesh] Convergence (                  500 )=   6.8426398984156543E-006
 [Mesh] Convergence (                 1000 )=   7.8208006551722053E-006
 [Mesh] Convergence (                 1500 )=   3.7125546633265909E-005
 [Mesh] Convergence (                 2000 )=   7.4299745026393797E-005
 [Mesh] Convergence (                 2500 )=   1.0747344804054591E-004
 [Mesh] Convergence (                 3000 )=   1.3207476026320364E-004
 [Mesh] Convergence (                 3500 )=   1.4793430595670361E-004
 [Mesh] Convergence (                 4000 )=   1.5643001427943816E-004
 [Mesh] Convergence (                 4500 )=   1.5921442786185071E-004
 [Mesh] Convergence (                 5000 )=   1.5777667435666081E-004
 [Mesh] Convergence (                 5500 )=   1.5333537833974695E-004
 [Mesh] Convergence (                 6000 )=   1.4684574760729445E-004
 [Mesh] Convergence (                 6500 )=   1.3903903614310547E-004
 [Mesh] Convergence (                 7000 )=   1.3046590067399664E-004
 [Mesh] Convergence (                 7500 )=   1.2153486350132152E-004
 [Mesh] Convergence (                 8000 )=   1.1254402597551233E-004
 [Mesh] Convergence (                 8500 )=   1.0370642741722985E-004
 [Mesh] Convergence (                 9000 )=   9.5170036820461975E-005
 [Mesh] Convergence (                 9500 )=   8.7033397933235386E-005
 [Mesh] Convergence (                10000 )=   7.9357816985575484E-005
 [Mesh] Convergence (                10500 )=   7.2176823934307318E-005
 [Mesh] Convergence (                11000 )=   6.5503491477807981E-005
 [Mesh] Convergence (                11500 )=   5.9336074984166766E-005
 [Mesh] Convergence (                12000 )=   5.3662339787697418E-005
 [Mesh] Convergence (                12500 )=   4.8462861761450764E-005
 [Mesh] Convergence (                13000 )=   4.3713528488064183E-005
 [Mesh] Convergence (                13500 )=   3.9387418685713779E-005
 [Mesh] Convergence (                14000 )=   3.5456198105588555E-005
 [Mesh] Convergence (                14500 )=   3.1891143531305714E-005
 [Mesh] Convergence (                15000 )=   2.8663878264138475E-005
 [Mesh] Convergence (                15500 )=   2.5746888268506154E-005
 [Mesh] Convergence (                16000 )=   2.3113870074739677E-005
 [Mesh] Convergence (                16500 )=   2.0739951980533079E-005
 [Mesh] Convergence (                17000 )=   1.8601820800453423E-005
 [Mesh] Convergence (                17500 )=   1.6677777452860028E-005
 [Mesh] Convergence (                18000 )=   1.4947742081712930E-005
 [Mesh] Convergence (                18500 )=   1.3393222441663966E-005
 [Mesh] Convergence (                19000 )=   1.1997256690636276E-005
 [Mesh] Convergence (                19500 )=   1.0744339824886993E-005
 [Mesh] Convergence (                20000 )=   9.6203395875636485E-006
 [Mesh] Convergence (                20500 )=   8.6124068065546442E-006
 [Mesh] Convergence (                21000 )=   7.7088841667864467E-006
 [Mesh] Convergence (                21500 )=   6.8992146211676299E-006
 [Mesh] Convergence (                22000 )=   6.1738533780444408E-006
 [Mesh] Convergence (                22500 )=   5.5241824027616528E-006
 [Mesh] Convergence (                23000 )=   4.9424302570987491E-006
 [Mesh] Convergence (                23500 )=   4.4215960653964425E-006
 [Mesh] Convergence (                24000 )=   3.9553789715282618E-006
 [Mesh] Convergence (                24500 )=   3.5381130820605903E-006
 [Mesh] Convergence (                25000 )=   3.1647066783625630E-006
 [Mesh] Convergence (                25500 )=   2.8305873428471385E-006
 [Mesh] Convergence (                26000 )=   2.5316508326213806E-006
 [Mesh] Convergence (                26500 )=   2.2642151284962890E-006
 [Mesh] Convergence (                27000 )=   2.0249785899650304E-006
 [Mesh] Convergence (                27500 )=   1.8109813639894128E-006
 [Mesh] Convergence (                28000 )=   1.6195713107008486E-006
 [Mesh] Convergence (                28500 )=   1.4483724271412938E-006
 [Mesh] Convergence (                29000 )=   1.2952566971071063E-006
 [Mesh] Convergence (                29500 )=   1.1583186732605099E-006
 [Mesh] Convergence (                30000 )=   1.0358525845222175E-006
 [Mesh] Convergence (                30500 )=   9.2633147840388116E-007
 [Mesh] Convergence (                31000 )=   8.2838898431509725E-007
 [Mesh] Convergence (                31500 )=   7.4080228200182311E-007
 [Mesh] Convergence (                32000 )=   6.6247744997963304E-007
 [Mesh] Convergence (                32500 )=   5.9243554598651822E-007
 [Mesh] Convergence (                33000 )=   5.2980125555768606E-007
 [Mesh] Convergence (                33500 )=   4.7379111684858798E-007
 [Mesh] Convergence (                34000 )=   4.2370482371188698E-007
 [Mesh] Convergence (                34500 )=   3.7891585170291362E-007
 [Mesh] Convergence (                35000 )=   3.3886382891796525E-007
 [Mesh] Convergence (                35500 )=   3.0304771801456805E-007
 [Mesh] Convergence (                36000 )=   2.7101941802538929E-007
 [Mesh] Convergence (                36500 )=   2.4237807700410482E-007
 [Mesh] Convergence (                37000 )=   2.1676547895185649E-007
 [Mesh] Convergence (                37500 )=   1.9386119465343653E-007
 [Mesh] Convergence (                38000 )=   1.7337864451110361E-007
 [Mesh] Convergence (                38500 )=   1.5506168478168547E-007
 [Mesh] Convergence (                39000 )=   1.3868120172992348E-007
 [Mesh] Convergence (                39500 )=   1.2403230881318449E-007
 [Mesh] Convergence (                40000 )=   1.1093180091120302E-007
 [Mesh] Convergence (                40500 )=   9.9215991096571087E-008
 [Mesh] Convergence (                41000 )=   8.8738422375172378E-008
 [Mesh] Convergence (                41500 )=   7.9368025064468377E-008
 [Mesh] Convergence (                42000 )=   7.0987825747579329E-008
 [Mesh] Convergence (                42500 )=   6.3493114896118640E-008
 [Mesh] Convergence (                43000 )=   5.6790182599797840E-008
 [Mesh] Convergence (                43500 )=   5.0795372808352108E-008
 [Mesh] Convergence (                44000 )=   4.5433796243742105E-008
 [Mesh] Convergence (                44500 )=   4.0638524107635022E-008
 [Mesh] Convergence (                45000 )=   3.6349728936329481E-008
 [Mesh] Convergence (                45500 )=   3.2513853395357729E-008
 [Mesh] Convergence (                46000 )=   2.9083034722134469E-008
 [Mesh] Convergence (                46500 )=   2.6014424161985515E-008
 [Mesh] Convergence (                47000 )=   2.3269877303391693E-008
 [Mesh] Convergence (                47500 )=   2.0815017865970731E-008
 [Mesh] Convergence (                48000 )=   1.8619308480992912E-008
 [Mesh] Convergence (                48500 )=   1.6655345447361467E-008
 [Mesh] Convergence (                49000 )=   1.4898647787049412E-008
 [Mesh] Convergence (                49500 )=   1.3327412307262421E-008
 [Mesh] Convergence (                50000 )=   1.1921932455152273E-008
 [Mesh] Convergence (                50500 )=   1.0664734989404678E-008
 [Mesh] Convergence (                51000 )=   9.5402132719755161E-009
 [Mesh] Convergence (                51500 )=   8.5343830287456514E-009
 [Mesh] Convergence (                52000 )=   7.6346376445144406E-009
 [Mesh] Convergence (                52500 )=   6.8297579418867821E-009
 [Mesh] Convergence (                53000 )=   6.1098295263946055E-009
 [Mesh] Convergence (                53500 )=   5.4658115841448306E-009
 [Mesh] Convergence (                54000 )=   4.8896952066570519E-009
 [Mesh] Convergence (                54500 )=   4.3743681162595748E-009
 [Mesh] Convergence (                55000 )=   3.9133382961153981E-009
 [Mesh] Convergence (                55500 )=   3.5009887069463728E-009
 [Mesh] Convergence (                56000 )=   3.1320604030042887E-009
 [Mesh] Convergence (                56500 )=   2.8020029421895743E-009
 [Mesh] Convergence (                57000 )=   2.5068451650440690E-009
 [Mesh] Convergence (                57500 )=   2.2427143994718788E-009
 [Mesh] Convergence (                58000 )=   2.0064287818968294E-009
 [Mesh] Convergence (                58500 )=   1.7950492911040781E-009
 [Mesh] Convergence (                59000 )=   1.6060017514973878E-009
 [Mesh] Convergence (                59500 )=   1.4368698466569185E-009
 [Mesh] Convergence (                60000 )=   1.2855043169111014E-009
 [Mesh] Convergence (                60500 )=   1.1500976979732512E-009
 [Mesh] Convergence (                61000 )=   1.0289943311363458E-009
 [Mesh] Convergence (                61500 )=   9.2056021094322204E-010
 [Mesh] Convergence (                62000 )=   8.2365237176418305E-010
 [Mesh] Convergence (                62500 )=   7.3694717139005658E-010
 [Mesh] Convergence (                63000 )=   6.5937032923102373E-010
 [Mesh] Convergence (                63500 )=   5.8991601690649983E-010
 [Mesh] Convergence (                64000 )=   5.2786292508244517E-010
 [Mesh] Convergence (                64500 )=   4.7221826389431954E-010
 [Mesh] Convergence (                65000 )=   4.2252149432897568E-010
 [Mesh] Convergence (                65500 )=   3.7802662700414654E-010
 [Mesh] Convergence (                66000 )=   3.3822352997958658E-010
 [Mesh] Convergence (                66500 )=   3.0262419022619723E-010
 [Mesh] Convergence (                67000 )=   2.7076667174696920E-010
 [Mesh] Convergence (                67500 )=   2.4232361465692521E-010
 [Mesh] Convergence (                68000 )=   2.1679792553186416E-010
 [Mesh] Convergence (                68500 )=   1.9394629634916782E-010
 [Mesh] Convergence (                69000 )=   1.7362949438393116E-010
 [Mesh] Convergence (                69500 )=   1.5528546646237372E-010
 [Mesh] Convergence (                70000 )=   1.3897311873733997E-010
 [Mesh] Convergence (                70500 )=   1.2430152855813503E-010
 [Mesh] Convergence (                71000 )=   1.1124624870717525E-010
 [Mesh] Convergence is reached. The show can go on.
 [Mesh) ITERATIONS=                71480
 Vessel cells:                 2001 *                  151 =               302151
 Matter cells:                 2001 *                  151 =               302151
  -73.799999999999997       -74.200000000000003     
 Done.
 [Mesh] Calculation of normales and distances.
 NEEDLE CHECK
 North  -3.7809079575502787E-002  0.99928498112483066     
 South  -4.4099091384193254E-002 -0.99902716186252349     
 East  0.99999999566960396       -9.3063377428877119E-005
 West -0.99999994899224953        3.1939865117511555E-004
   2.9634703088741131E-009   2.9618171803525678E-009   2.2789219315392743E-009   2.2765984742830628E-009
 VESSEL CHECK
 North  -3.7809079575552039E-002  0.99928498112603004     
 South  -4.4099091384265376E-002 -0.99902716186440799     
 East  0.99999999565078979       -9.3063377557004554E-005
 West -0.99999994900225109        3.1939865130825324E-004
   2.9634703088691012E-009   2.9618171803404868E-009   2.2789219315283009E-009   2.2765984743047813E-009
 epsilon(   515.00000000000000      nm)= (  17.825399999999998     , 0.50668999999999997     )
 Re(sqrt(epsilon))=   4.2224400481392985     
 [Poisson eq.] Filling matrix
 Starting time loop.
 Time=  -1.9900000000000334E-013 Intensity=   1.5608081973338662E-015
   80.000000477192344      < Te <    80.000000477853604     
   80.000000477192344      < Th <    80.000000477853604     
   80.000000000000000      < Ts <   80.000000000000000     
   100000.00001007428      < Ne <   100000.00001008828     
   100000.00001007428      < Nh <   100000.00001008828     
 CFL_Te=  0.31580554283843043      maxCFL_Ne=  0.24175810794089167      maxCFL_Ts=   5.3400177957511197      CPU=   1.5240976544747347      NumThreads=                    1 Elapsed time=  0.65612593593593593     
 CFL_Limit=   1.0000000000000000E-003
 dt_init=   1.0000000000000001E-018 dt=   1.0000000000000001E-018
 Time=  -1.9800000000000668E-013 Intensity=   3.1054412247246876E-015
   80.000001427414233      < Te <    80.000001428727955     
   80.000001427414233      < Th <    80.000001428727955     
   80.000000000000000      < Ts <   80.000000000000000     
   100000.00003017709      < Ne <   100000.00003020494     
   100000.00003017709      < Nh <   100000.00003020494     
 CFL_Te=  0.31580554658949728      maxCFL_Ne=  0.24175811081243970      maxCFL_Ts=   5.3400177957511197      CPU=   1.5018576062763276      NumThreads=                    1 Elapsed time=  0.66584208504252129     
 CFL_Limit=   1.0000000000000000E-003
 dt_init=   1.0000000000000001E-018 dt=   1.0000000000000001E-018
 Time=  -1.9700000000001002E-013 Intensity=   6.1573230609639201E-015
   80.000003312372129      < Te <    80.000003314974848     
   80.000003312372129      < Th <    80.000003314974848     
   80.000000000000000      < Ts <   80.000000000000000     
   100000.00007009716      < Ne <   100000.00007015232     
   100000.00007009716      < Nh <   100000.00007015232     
 CFL_Te=  0.31580555403049915      maxCFL_Ne=  0.24175811650873785      maxCFL_Ts=   5.3400177957511197      CPU=   1.4992540376299754      NumThreads=                    1 Elapsed time=  0.66699837045681898     
 CFL_Limit=   1.0000000000000000E-003
 dt_init=   1.0000000000000001E-018 dt=   1.0000000000000001E-018
 Time=  -1.9600000000001335E-013 Intensity=   1.2166213048899516E-014
   80.000007040551168      < Te <    80.000007045691547     
   80.000007040551168      < Th <    80.000007045691547     
   80.000000000000000      < Ts <   80.000000000000000     
   100000.00014909677      < Ne <   100000.00014920576     
   100000.00014909677      < Nh <   100000.00014920576     
 CFL_Te=  0.31580556874774424      maxCFL_Ne=  0.24175812777520669      maxCFL_Ts=   5.3400177957511197      CPU=   1.4972497291543942      NumThreads=                    1 Elapsed time=  0.66789125456364096     
 CFL_Limit=   1.0000000000000000E-003
 dt_init=   1.0000000000000001E-018 dt=   1.0000000000000001E-018
 Time=  -1.9500000000001669E-013 Intensity=   2.3955969091122017E-014
   80.000014390740034      < Te <    80.000014400859257     
   80.000014390740034      < Th <    80.000014400859257     
   80.000000000000000      < Ts <   80.000000000000000     
   100000.00030489115      < Ne <   100000.00030510571     
   100000.00030489115      < Nh <   100000.00030510571     
 CFL_Te=  0.31580559776312378      maxCFL_Ne=  0.24175814998730347      maxCFL_Ts=   5.3400177957511197      CPU=   1.4945004660922132      NumThreads=                    1 Elapsed time=  0.66911989837967589     
 CFL_Limit=   1.0000000000000000E-003
 dt_init=   1.0000000000000001E-018 dt=   1.0000000000000001E-018
 Time=  -1.9400000000002002E-013 Intensity=   4.7007474681725239E-014
   80.000028833529072      < Te <    80.000028853382787     
   80.000028833529072      < Th <    80.000028853382787     
   80.000000000000000      < Ts <   80.000000000000000     
   100000.00061106883      < Ne <   100000.00061148980     
   100000.00061106883      < Nh <   100000.00061148980     
 CFL_Te=  0.31580565477703348      maxCFL_Ne=  0.24175819363307013      maxCFL_Ts=   5.3400177957511197      CPU=   1.4909496354847098      NumThreads=                    1 Elapsed time=  0.67071346757792971     
 CFL_Limit=   1.0000000000000000E-003
 dt_init=   1.0000000000000001E-018 dt=   1.0000000000000001E-018
 Time=  -1.9300000000002336E-013 Intensity=   9.1921043856280728E-014
   80.000057116609085      < Te <    80.000057155428948     
   80.000057116609085      < Th <    80.000057155428948     
   80.000000000000000      < Ts <   80.000000000000000     
   100000.00121070982      < Ne <   100000.00121153296     
   100000.00121070982      < Nh <   100000.00121153296     
 CFL_Te=  0.31580576642645103      maxCFL_Ne=  0.24175827910386849      maxCFL_Ts=   5.3400177957511197      CPU=   1.4906086692595195      NumThreads=                    1 Elapsed time=  0.67086688855550780     
 CFL_Limit=   1.0000000000000000E-003
 dt_init=   1.0000000000000001E-018 dt=   1.0000000000000001E-018
 Time=  -1.9200000000002670E-013 Intensity=   1.7912566855350728E-013
   80.000112313108701      < Te <    80.000112388751958     
   80.000112313108701      < Th <    80.000112388751958     
   80.000000000000000      < Ts <   80.000000000000000     
   100000.00238102887      < Ne <   100000.00238263285     
   100000.00238102887      < Nh <   100000.00238263285     
 CFL_Te=  0.31580598431845597      maxCFL_Ne=  0.24175844590638390      maxCFL_Ts=   5.3400177957511197      CPU=   1.4884213962566353      NumThreads=                    1 Elapsed time=  0.67185274446805854     
 CFL_Limit=   1.0000000000000000E-003
 dt_init=   1.0000000000000001E-018 dt=   1.0000000000000001E-018
 Time=  -1.9100000000003003E-013 Intensity=   3.4785283813530712E-013
   80.000219662256001      < Te <    80.000219809144497     
   80.000219662256001      < Th <    80.000219809144497     
   80.000000000000000      < Ts <   80.000000000000000     
   100000.00465723996      < Ne <   100000.00466035471     
   100000.00465723996      < Nh <   100000.00466035471     
 CFL_Te=  0.31580640808665000      maxCFL_Ne=  0.24175877031296622      maxCFL_Ts=   5.3400177957511197      CPU=   1.4868372910099092      NumThreads=                    1 Elapsed time=  0.67256854939437705     
 CFL_Limit=   1.0000000000000000E-003
 dt_init=   1.0000000000000001E-018 dt=   1.0000000000000001E-018
 Time=  -1.9000000000003337E-013 Intensity=   6.7317523082182542E-013
   80.000427720236658      < Te <    80.000428004488427     
   80.000427720236658      < Th <    80.000428004488427     
   80.000000000000000      < Ts <   80.000000000000000     
   100000.00906904222      < Ne <   100000.00907506989     
   100000.00906904222      < Nh <   100000.00907506989     
 CFL_Te=  0.31580722940993899      maxCFL_Ne=  0.24175939905925933      maxCFL_Ts=   5.3400177957511197      CPU=   1.4868983621516390      NumThreads=                    1 Elapsed time=  0.67254092509250918     
 CFL_Limit=   1.0000000000000000E-003
 dt_init=   1.0000000000000001E-018 dt=   1.0000000000000001E-018
