 Hello from thread =                    3
 Hello from thread =                    0
 Hello from thread =                    2
 Hello from thread =                    1
OpenMP TEST
Number of Threads = 4
*******************************
 Pi =    3.1415926535897931     
 Read PolarizationSource TM:                     0
 Read phiMie0:    270.00000000000000      deg -> rad
 Importing data on Polarization.
 Loading GMSH mesh...
 MESH INFORMATIONS
 [GMSH] Quadrangles number
               120000
 [GMSH] Node number
               120704
 Latest running index while remeshing                10204
 [Mesh] Building...

 [Mesh] Convergence (                  500 )=   2.2512259482966327E-005
 [Mesh] Convergence (                 1000 )=   1.9466442488417668E-005
 [Mesh] Convergence (                 1500 )=   1.5203738366108154E-005
 [Mesh] Convergence (                 2000 )=   1.0711678532861696E-005
 [Mesh] Convergence (                 2500 )=   7.1145474337972696E-006
 [Mesh] Convergence (                 3000 )=   4.5686706301203231E-006
 [Mesh] Convergence (                 3500 )=   2.8761012799805029E-006
 [Mesh] Convergence (                 4000 )=   1.7890746703196782E-006
 [Mesh] Convergence (                 4500 )=   1.1048245856363792E-006
 [Mesh] Convergence (                 5000 )=   6.7923965903173660E-007
 [Mesh] Convergence (                 5500 )=   4.1645128498203120E-007
 [Mesh] Convergence (                 6000 )=   2.5490291303140112E-007
 [Mesh] Convergence (                 6500 )=   1.5586061550129670E-007
 [Mesh] Convergence (                 7000 )=   9.5240617156377991E-008
 [Mesh] Convergence (                 7500 )=   5.8175319354631938E-008
 [Mesh] Convergence (                 8000 )=   3.5526431005564515E-008
 [Mesh] Convergence (                 8500 )=   2.1692060123314149E-008
 [Mesh] Convergence (                 9000 )=   1.3243753972346894E-008
 [Mesh] Convergence (                 9500 )=   8.0853265535552057E-009
 [Mesh] Convergence (                10000 )=   4.9359354306943709E-009
 [Mesh] Convergence (                10500 )=   3.0132312531350178E-009
 [Mesh] Convergence (                11000 )=   1.8394585931673644E-009
 [Mesh] Convergence (                11500 )=   1.1229082592763006E-009
 [Mesh] Convergence (                12000 )=   6.8548241688404229E-010
 [Mesh] Convergence (                12500 )=   4.1845363739412275E-010
 [Mesh] Convergence (                13000 )=   2.5544480013195426E-010
 [Mesh] Convergence (                13500 )=   1.5593640273436905E-010
 [Mesh] Convergence is reached. The show can go on.
 [Mesh) ITERATIONS=                13951
 Vessel cells:                  101 *                  101 =                10201
 Matter cells:                  101 *                  101 =                10201
  -73.799999999999997       -74.200000000000003     
 Done.
 [Mesh] Calculation of normales and distances.
 NEEDLE CHECK
 North  -3.7856933890185032E-002  0.99928316935513040     
 South  -4.4325680275998258E-002 -0.99901713402126890     
 East  0.99892666598706081        4.6319714808870552E-002
 West -0.99168146728081430      -0.12871622839320279     
   5.0686493782370753E-008   5.0675257015328412E-008   2.9733840853415733E-009   2.9270851862753012E-009
 VESSEL CHECK
 North  -3.7856933890184040E-002  0.99928316935510941     
 South  -4.4325680275997439E-002 -0.99901713402125303     
 East  0.99892666600365676        4.6319714809640158E-002
 West -0.99168146726133766      -0.12871622839093694     
   5.0686493782370051E-008   5.0675257015329134E-008   2.9733840853720839E-009   2.9270851862947569E-009
 epsilon(   515.00000000000000      nm)= (  17.825399999999998     , 0.50668999999999997     )
 Re(sqrt(epsilon))=   4.2224400481392985     
 [Poisson eq.] Filling matrix
 Starting time loop.
 Time=  -1.9900000000000334E-013 Intensity=   1.5608081973338662E-015
   80.000000477192344      < Te <    80.000000477861349     
   80.000000477192344      < Th <    80.000000477863608     
   80.000000000000000      < Ts <   80.000000000000000     
   100000.00001007428      < Ne <   100000.00001008825     
   100000.00001007428      < Nh <   100000.00001008825     
 CFL_Te=   4.8700796550012063E-004 maxCFL_Ne=   3.6869592089011492E-004 maxCFL_Ts=   8.2349131021227859E-003 CPU=   166.73057449030557      NumThreads=                    4 Elapsed time=   2.3990800800800800E-002
 CFL_Limit=   1.0000000000000000E-003
 dt_init=   1.0000000000000001E-018 dt=   1.0000000000000001E-018
 Time=  -1.9800000000000668E-013 Intensity=   3.1054412247246876E-015
   80.000001427414261      < Te <    80.000001428746472     
   80.000001427414261      < Th <    80.000001428741129     
   80.000000000000000      < Ts <   80.000000000000000     
   100000.00003017709      < Ne <   100000.00003020490     
   100000.00003017709      < Nh <   100000.00003020490     
 CFL_Te=   4.8700797128469104E-004 maxCFL_Ne=   3.6869592526940162E-004 maxCFL_Ts=   8.2349131021227859E-003 CPU=   168.14414183896235      NumThreads=                    4 Elapsed time=   2.3789113056528269E-002
 CFL_Limit=   1.0000000000000000E-003
 dt_init=   1.0000000000000001E-018 dt=   1.0000000000000001E-018
 Time=  -1.9700000000001002E-013 Intensity=   6.1573230609639201E-015
   80.000003312372158      < Te <    80.000003314993194     
   80.000003312372158      < Th <    80.000003315007319     
   80.000000000000000      < Ts <   80.000000000000000     
   100000.00007009716      < Ne <   100000.00007015229     
   100000.00007009716      < Nh <   100000.00007015229     
 CFL_Te=   4.8700798275955995E-004 maxCFL_Ne=   3.6869593395660519E-004 maxCFL_Ts=   8.2349131021227859E-003 CPU=   168.63653662951879      NumThreads=                    4 Elapsed time=   2.3719652217405802E-002
 CFL_Limit=   1.0000000000000000E-003
 dt_init=   1.0000000000000001E-018 dt=   1.0000000000000001E-018
 Time=  -1.9600000000001335E-013 Intensity=   1.2166213048899516E-014
   80.000007040551225      < Te <    80.000007045773401     
   80.000007040551225      < Th <    80.000007045744852     
   80.000000000000000      < Ts <   80.000000000000000     
   100000.00014909677      < Ne <   100000.00014920571     
   100000.00014909677      < Nh <   100000.00014920571     
 CFL_Te=   4.8700800545522106E-004 maxCFL_Ne=   3.6869595113866034E-004 maxCFL_Ts=   8.2349131021227859E-003 CPU=   168.86273376815944      NumThreads=                    4 Elapsed time=   2.3687878969742435E-002
 CFL_Limit=   1.0000000000000000E-003
 dt_init=   1.0000000000000001E-018 dt=   1.0000000000000001E-018
 Time=  -1.9500000000001669E-013 Intensity=   2.3955969091122017E-014
   80.000014390740063      < Te <    80.000014401017808     
   80.000014390740063      < Th <    80.000014401015534     
   80.000000000000000      < Ts <   80.000000000000000     
   100000.00030489115      < Ne <   100000.00030510564     
   100000.00030489115      < Nh <   100000.00030510564     
 CFL_Te=   4.8700805020022726E-004 maxCFL_Ne=   3.6869598501346814E-004 maxCFL_Ts=   8.2349131021227859E-003 CPU=   169.00022800155784      NumThreads=                    4 Elapsed time=   2.3668607121424285E-002
 CFL_Limit=   1.0000000000000000E-003
 dt_init=   1.0000000000000001E-018 dt=   1.0000000000000001E-018
 Time=  -1.9400000000002002E-013 Intensity=   4.7007474681725239E-014
   80.000028833529129      < Te <    80.000028853540371     
   80.000028833529129      < Th <    80.000028853571976     
   80.000000000000000      < Ts <   80.000000000000000     
   100000.00061106883      < Ne <   100000.00061148973     
   100000.00061106883      < Nh <   100000.00061148973     
 CFL_Te=   4.8700813812214315E-004 maxCFL_Ne=   3.6869605157593543E-004 maxCFL_Ts=   8.2349131021227859E-003 CPU=   169.12940750259770      NumThreads=                    4 Elapsed time=   2.3650529254875811E-002
 CFL_Limit=   1.0000000000000000E-003
 dt_init=   1.0000000000000001E-018 dt=   1.0000000000000001E-018
 Time=  -1.9300000000002336E-013 Intensity=   9.1921043856280728E-014
   80.000057116609241      < Te <    80.000057155766498     
   80.000057116609241      < Th <    80.000057155918782     
   80.000000000000000      < Ts <   80.000000000000000     
   100000.00121070982      < Ne <   100000.00121153287     
   100000.00121070982      < Nh <   100000.00121153287     
 CFL_Te=   4.8700831029820839E-004 maxCFL_Ne=   3.6869618192413798E-004 maxCFL_Ts=   8.2349131021227859E-003 CPU=   169.30832752467359      NumThreads=                    4 Elapsed time=   2.3625536076582371E-002
 CFL_Limit=   1.0000000000000000E-003
 dt_init=   1.0000000000000001E-018 dt=   1.0000000000000001E-018
 Time=  -1.9200000000002670E-013 Intensity=   1.7912566855350728E-013
   80.000112313108744      < Te <    80.000112389531694     
   80.000112313108744      < Th <    80.000112389925292     
   80.000000000000000      < Ts <   80.000000000000000     
   100000.00238102887      < Ne <   100000.00238263275     
   100000.00238102887      < Nh <   100000.00238263275     
 CFL_Te=   4.8700864631239291E-004 maxCFL_Ne=   3.6869643630818913E-004 maxCFL_Ts=   8.2349131021227859E-003 CPU=   169.69256523867955      NumThreads=                    4 Elapsed time=   2.3572040380047506E-002
 CFL_Limit=   1.0000000000000000E-003
 dt_init=   1.0000000000000001E-018 dt=   1.0000000000000001E-018
 Time=  -1.9100000000003003E-013 Intensity=   3.4785283813530712E-013
   80.000219662256029      < Te <    80.000219811547808     
   80.000219662256029      < Th <    80.000219810605500     
   80.000000000000000      < Ts <   80.000000000000000     
   100000.00465723996      < Ne <   100000.00466035461     
   100000.00465723996      < Nh <   100000.00466035461     
 CFL_Te=   4.8700929981101190E-004 maxCFL_Ne=   3.6869693104809518E-004 maxCFL_Ts=   8.2349131021227859E-003 CPU=   169.95000369847580      NumThreads=                    4 Elapsed time=   2.3536333703744861E-002
 CFL_Limit=   1.0000000000000000E-003
 dt_init=   1.0000000000000001E-018 dt=   1.0000000000000001E-018
 Time=  -1.9000000000003337E-013 Intensity=   6.7317523082182542E-013
   80.000427720236658      < Te <    80.000428006879687     
   80.000427720236658      < Th <    80.000428005942055     
   80.000000000000000      < Ts <   80.000000000000000     
   100000.00906904222      < Ne <   100000.00907506979     
   100000.00906904222      < Nh <   100000.00907506979     
 CFL_Te=   4.8701056638467751E-004 maxCFL_Ne=   3.6869788992469901E-004 maxCFL_Ts=   8.2349131021227859E-003 CPU=   170.19323523591450      NumThreads=                    4 Elapsed time=   2.3502696769676968E-002
 CFL_Limit=   1.0000000000000000E-003
 dt_init=   1.0000000000000001E-018 dt=   1.0000000000000001E-018
